Archive member included to satisfy reference by file (symbol)

contiki-srf06-cc26xx.a(mqtt.o)
                              mqtt-example.co (mqtt_register)
contiki-srf06-cc26xx.a(contiki-main.o)
                              obj_srf06-cc26xx/startup_gcc.o (main)
contiki-srf06-cc26xx.a(sensors.o)
                              contiki-srf06-cc26xx.a(contiki-main.o) (sensors_process)
contiki-srf06-cc26xx.a(leds.o)
                              contiki-srf06-cc26xx.a(contiki-main.o) (leds_init)
contiki-srf06-cc26xx.a(board.o)
                              contiki-srf06-cc26xx.a(contiki-main.o) (board_init)
contiki-srf06-cc26xx.a(launchpad-senso)
                              contiki-srf06-cc26xx.a(sensors.o) (sensors_flags)
contiki-srf06-cc26xx.a(leds-arch.o)
                              contiki-srf06-cc26xx.a(leds.o) (leds_arch_init)
contiki-srf06-cc26xx.a(button-sensor.o)
                              contiki-srf06-cc26xx.a(launchpad-senso) (button_right_sensor)
contiki-srf06-cc26xx.a(ext-flash.o)
                              contiki-srf06-cc26xx.a(board.o) (ext_flash_init)
contiki-srf06-cc26xx.a(board-spi.o)
                              contiki-srf06-cc26xx.a(ext-flash.o) (board_spi_write)
contiki-srf06-cc26xx.a(clock.o)
                              contiki-srf06-cc26xx.a(contiki-main.o) (clock_init)
contiki-srf06-cc26xx.a(soc-rtc.o)
                              contiki-srf06-cc26xx.a(contiki-main.o) (soc_rtc_init)
contiki-srf06-cc26xx.a(contiki-watchdo)
                              contiki-srf06-cc26xx.a(contiki-main.o) (watchdog_init)
contiki-srf06-cc26xx.a(putchar.o)
                              contiki-srf06-cc26xx.a(contiki-main.o) (putchar)
contiki-srf06-cc26xx.a(ieee-addr.o)
                              contiki-srf06-cc26xx.a(contiki-main.o) (ieee_addr_cpy_to)
contiki-srf06-cc26xx.a(cc26xx-uart.o)
                              contiki-srf06-cc26xx.a(contiki-main.o) (cc26xx_uart_init)
contiki-srf06-cc26xx.a(lpm.o)
                              contiki-srf06-cc26xx.a(button-sensor.o) (lpm_shutdown)
contiki-srf06-cc26xx.a(gpio-interrupt.)
                              contiki-srf06-cc26xx.a(button-sensor.o) (gpio_interrupt_register_handler)
contiki-srf06-cc26xx.a(oscillators.o)
                              contiki-srf06-cc26xx.a(contiki-main.o) (oscillators_select_lf_xosc)
contiki-srf06-cc26xx.a(ieee-mode.o)
                              contiki-srf06-cc26xx.a(contiki-main.o) (ieee_mode_driver)
contiki-srf06-cc26xx.a(random.o)
                              contiki-srf06-cc26xx.a(contiki-main.o) (random_init)
contiki-srf06-cc26xx.a(soc-trng.o)
                              contiki-srf06-cc26xx.a(random.o) (soc_trng_rand_synchronous)
contiki-srf06-cc26xx.a(dbg-printf.o)
                              mqtt-example.co (printf)
contiki-srf06-cc26xx.a(dbg-snprintf.o)
                              mqtt-example.co (snprintf)
contiki-srf06-cc26xx.a(strformat.o)
                              contiki-srf06-cc26xx.a(dbg-printf.o) (format_str_v)
contiki-srf06-cc26xx.a(autostart.o)
                              contiki-srf06-cc26xx.a(contiki-main.o) (autostart_start)
contiki-srf06-cc26xx.a(ctimer.o)
                              contiki-srf06-cc26xx.a(contiki-main.o) (ctimer_init)
contiki-srf06-cc26xx.a(energest.o)
                              contiki-srf06-cc26xx.a(contiki-main.o) (energest_init)
contiki-srf06-cc26xx.a(etimer.o)
                              contiki-srf06-cc26xx.a(clock.o) (etimer_request_poll)
contiki-srf06-cc26xx.a(process.o)
                              contiki-srf06-cc26xx.a(mqtt.o) (process_alloc_event)
contiki-srf06-cc26xx.a(rtimer.o)
                              contiki-srf06-cc26xx.a(contiki-main.o) (rtimer_init)
contiki-srf06-cc26xx.a(timer.o)
                              mqtt-example.co (timer_set)
contiki-srf06-cc26xx.a(serial-line.o)
                              mqtt-example.co (serial_line_event_message)
contiki-srf06-cc26xx.a(ringbuf.o)
                              contiki-srf06-cc26xx.a(serial-line.o) (ringbuf_init)
contiki-srf06-cc26xx.a(list.o)
                              contiki-srf06-cc26xx.a(mqtt.o) (list_init)
contiki-srf06-cc26xx.a(uip-ds6.o)
                              mqtt-example.co (uip_ds6_get_global)
contiki-srf06-cc26xx.a(uip-ds6-route.o)
                              contiki-srf06-cc26xx.a(uip-ds6.o) (uip_ds6_route_init)
contiki-srf06-cc26xx.a(uip6.o)
                              contiki-srf06-cc26xx.a(contiki-main.o) (uip_lladdr)
contiki-srf06-cc26xx.a(uip-ds6-nbr.o)
                              contiki-srf06-cc26xx.a(uip-ds6.o) (uip_ds6_neighbors_init)
contiki-srf06-cc26xx.a(uip-nd6.o)
                              contiki-srf06-cc26xx.a(uip6.o) (uip_nd6_init)
contiki-srf06-cc26xx.a(sicslowpan.o)
                              contiki-srf06-cc26xx.a(contiki-main.o) (sicslowpan_driver)
contiki-srf06-cc26xx.a(uip-debug.o)
                              contiki-srf06-cc26xx.a(uip-ds6-route.o) (uip_debug_ipaddr_print)
contiki-srf06-cc26xx.a(tcp-socket.o)
[...]
Memory Configuration

Name             Origin             Length             Attributes
FLASH            0x0000000000000000 0x000000000001ffa8 xr
FLASH_CCFG       0x000000000001ffa8 0x0000000000000058 xr
SRAM             0x0000000020000000 0x0000000000005000 xrw
GPRAM            0x0000000011000000 0x0000000000002000 xrw
*default*        0x0000000000000000 0xffffffffffffffff

Linker script and memory map

LOAD obj_srf06-cc26xx/fault-handlers.o
LOAD obj_srf06-cc26xx/ccfg.o
LOAD obj_srf06-cc26xx/startup_gcc.o
LOAD mqtt-example.co
LOAD contiki-srf06-cc26xx.a
LOAD /usr/lib/gcc/arm-none-eabi/4.9.3/../../../arm-none-eabi/lib/armv7-m/libm.a
START GROUP
LOAD /usr/lib/gcc/arm-none-eabi/4.9.3/armv7-m/libgcc.a
LOAD /usr/lib/gcc/arm-none-eabi/4.9.3/../../../arm-none-eabi/lib/armv7-m/libc.a
END GROUP
                0x0000000020005000                _estack = (ORIGIN (SRAM) + LENGTH (SRAM))
                0x0000000000000000                _Min_Heap_Size = 0x0
                0x0000000000000100                _Min_Stack_Size = 0x100

.text           0x0000000000000000     0xe405
                0x0000000000000000                _text = .
 *(SORT(.vectors))
 .vectors       0x0000000000000000       0xc8 obj_srf06-cc26xx/startup_gcc.o
                0x0000000000000000                g_pfnVectors
 *(SORT(.text*))
 .text.FaultISR
                0x00000000000000c8       0x18 obj_srf06-cc26xx/fault-handlers.o
                0x00000000000000c8                FaultISR
 .text.ResetISR
                0x00000000000000e0       0x4c obj_srf06-cc26xx/startup_gcc.o
                0x00000000000000e0                ResetISR
 .text.mqtt_event
                0x000000000000012c       0xac mqtt-example.co
 .text.ipaddr_sprintf
                0x00000000000001d8       0x8c mqtt-example.co
                0x00000000000001d8                ipaddr_sprintf
 .text.state_machine
                0x0000000000000264      0x208 mqtt-example.co
 .text.process_thread_test_serial
                0x000000000000046c      0x1ec mqtt-example.co
 .text.call_event
                0x0000000000000658       0x1c contiki-srf06-cc26xx.a(mqtt.o)
 .text.tcp_input
                0x0000000000000674      0x2f0 contiki-srf06-cc26xx.a(mqtt.o)
 .text.keep_alive_callback
                0x0000000000000964       0x44 contiki-srf06-cc26xx.a(mqtt.o)
 .text.connect_tcp
                0x00000000000009a8       0x68 contiki-srf06-cc26xx.a(mqtt.o)
 .text.tcp_event
                0x0000000000000a10       0x94 contiki-srf06-cc26xx.a(mqtt.o)
 .text.mqtt_init
                0x0000000000000aa4       0xb4 contiki-srf06-cc26xx.a(mqtt.o)
                0x0000000000000aa4                mqtt_init
 .text.mqtt_register
                0x0000000000000b58       0x64 contiki-srf06-cc26xx.a(mqtt.o)
                0x0000000000000b58                mqtt_register
 .text.mqtt_connect
                0x0000000000000bbc       0x58 contiki-srf06-cc26xx.a(mqtt.o)
                0x0000000000000bbc                mqtt_connect
 .text.mqtt_disconnect
                0x0000000000000c14       0x24 contiki-srf06-cc26xx.a(mqtt.o)
                0x0000000000000c14                mqtt_disconnect
 .text.process_thread_mqtt_process
                0x0000000000000c38     0x1014 contiki-srf06-cc26xx.a(mqtt.o)
 .text.mqtt_subscribe
                0x0000000000001c4c       0x60 contiki-srf06-cc26xx.a(mqtt.o)
                0x0000000000001c4c                mqtt_subscribe
 .text.mqtt_publish
                0x0000000000001cac       0x78 contiki-srf06-cc26xx.a(mqtt.o)
                0x0000000000001cac                mqtt_publish
 .text.startup.main
                0x0000000000001d24      0x24c contiki-srf06-cc26xx.a(contiki-main.o)
                0x0000000000001d24                main
 .text.process_thread_sensors_process
                0x0000000000001f70       0xd4 contiki-srf06-cc26xx.a(sensors.o)
 .text.sensors_changed
                0x0000000000002044       0x38 contiki-srf06-cc26xx.a(sensors.o)
                0x0000000000002044                sensors_changed
 .text.leds_init
                0x000000000000207c       0x14 contiki-srf06-cc26xx.a(leds.o)
                0x000000000000207c                leds_init
 .text.leds_on  0x0000000000002090       0x10 contiki-srf06-cc26xx.a(leds.o)
                0x0000000000002090                leds_on
 .text.leds_off
                0x00000000000020a0       0x14 contiki-srf06-cc26xx.a(leds.o)
                0x00000000000020a0                leds_off
 .text.wakeup_handler
                0x00000000000020b4       0x20 contiki-srf06-cc26xx.a(board.o)
 .text.board_init
                0x00000000000020d4       0x98 contiki-srf06-cc26xx.a(board.o)
                0x00000000000020d4                board_init
 .text.leds_arch_init
                0x000000000000216c       0x34 contiki-srf06-cc26xx.a(leds-arch.o)
                0x000000000000216c                leds_arch_init
 .text.leds_arch_set
                0x00000000000021a0       0x2c contiki-srf06-cc26xx.a(leds-arch.o)
                0x00000000000021a0                leds_arch_set
 .text.status.part.0
                0x00000000000021cc       0x14 contiki-srf06-cc26xx.a(button-sensor.o)
 .text.value_left
                0x00000000000021e0       0x24 contiki-srf06-cc26xx.a(button-sensor.o)
 .text.value_right
                0x0000000000002204       0x18 contiki-srf06-cc26xx.a(button-sensor.o)
 .text.config_buttons
                0x000000000000221c       0x7c contiki-srf06-cc26xx.a(button-sensor.o)
 .text.button_press_handler
                0x0000000000002298       0x64 contiki-srf06-cc26xx.a(button-sensor.o)
 .text.verify_part
                0x00000000000022fc       0x74 contiki-srf06-cc26xx.a(ext-flash.o)
 .text.wait_ready
                0x0000000000002370       0x5c contiki-srf06-cc26xx.a(ext-flash.o)
 .text.ext_flash_open
                0x00000000000023cc       0x54 contiki-srf06-cc26xx.a(ext-flash.o)
                0x00000000000023cc                ext_flash_open
 .text.ext_flash_close
                0x0000000000002420       0x4c contiki-srf06-cc26xx.a(ext-flash.o)
                0x0000000000002420                ext_flash_close
 .text.accessible
                0x000000000000246c       0x24 contiki-srf06-cc26xx.a(board-spi.o)
 .text.board_spi_write
                0x0000000000002490       0x3c contiki-srf06-cc26xx.a(board-spi.o)
                0x0000000000002490                board_spi_write
 .text.board_spi_read
                0x00000000000024cc       0x48 contiki-srf06-cc26xx.a(board-spi.o)
                0x00000000000024cc                board_spi_read
 .text.board_spi_flush
                0x0000000000002514       0x24 contiki-srf06-cc26xx.a(board-spi.o)
                0x0000000000002514                board_spi_flush
 .text.board_spi_open
                0x0000000000002538       0xbc contiki-srf06-cc26xx.a(board-spi.o)
                0x0000000000002538                board_spi_open
 .text.board_spi_close
                0x00000000000025f4       0x70 contiki-srf06-cc26xx.a(board-spi.o)
                0x00000000000025f4                board_spi_close
 .text.power_domain_on
                0x0000000000002664       0x20 contiki-srf06-cc26xx.a(clock.o)
 .text.update_clock_variable
                0x0000000000002684       0x2c contiki-srf06-cc26xx.a(clock.o)
 .text.clock_init
                0x00000000000026b0       0x94 contiki-srf06-cc26xx.a(clock.o)
                0x00000000000026b0                clock_init
 .text.clock_time
                0x0000000000002744       0x14 contiki-srf06-cc26xx.a(clock.o)
                0x0000000000002744                clock_time
 .text.clock_seconds
                0x0000000000002758       0x18 contiki-srf06-cc26xx.a(clock.o)
                0x0000000000002758                clock_seconds
 .text.soc_rtc_init
                0x0000000000002770       0xa0 contiki-srf06-cc26xx.a(soc-rtc.o)
                0x0000000000002770                soc_rtc_init
 .text.soc_rtc_schedule_one_shot
                0x0000000000002810       0x5c contiki-srf06-cc26xx.a(soc-rtc.o)
                0x0000000000002810                soc_rtc_schedule_one_shot
 .text.soc_rtc_last_isr_time
                0x000000000000286c        0xc contiki-srf06-cc26xx.a(soc-rtc.o)
                0x000000000000286c                soc_rtc_last_isr_time
 .text.AONRTCIntHandler
                0x0000000000002878       0x7c contiki-srf06-cc26xx.a(soc-rtc.o)
                0x0000000000002878                AONRTCIntHandler
 .text.lock_config
                0x00000000000028f4       0x18 contiki-srf06-cc26xx.a(contiki-watchdo)
 .text.unlock_config
                0x000000000000290c       0x2c contiki-srf06-cc26xx.a(contiki-watchdo)
 .text.watchdog_init
                0x0000000000002938       0x18 contiki-srf06-cc26xx.a(contiki-watchdo)
                0x0000000000002938                watchdog_init
 .text.watchdog_periodic
                0x0000000000002950       0x14 contiki-srf06-cc26xx.a(contiki-watchdo)
                0x0000000000002950                watchdog_periodic
 .text.watchdog_start
                0x0000000000002964       0x20 contiki-srf06-cc26xx.a(contiki-watchdo)
                0x0000000000002964                watchdog_start
 .text.ieee_addr_cpy_to
                0x0000000000002984       0x3c contiki-srf06-cc26xx.a(ieee-addr.o)
                0x0000000000002984                ieee_addr_cpy_to
 .text.power_and_clock
                0x00000000000029c0       0x40 contiki-srf06-cc26xx.a(cc26xx-uart.o)
 .text.accessible
                0x0000000000002a00       0x24 contiki-srf06-cc26xx.a(cc26xx-uart.o)
 .text.disable_interrupts
                0x0000000000002a24       0x30 contiki-srf06-cc26xx.a(cc26xx-uart.o)
 .text.enable   0x0000000000002a54       0xcc contiki-srf06-cc26xx.a(cc26xx-uart.o)
 .text.lpm_drop_handler
                0x0000000000002b20       0xa0 contiki-srf06-cc26xx.a(cc26xx-uart.o)
 .text.cc26xx_uart_init
                0x0000000000002bc0       0x28 contiki-srf06-cc26xx.a(cc26xx-uart.o)
                0x0000000000002bc0                cc26xx_uart_init
 .text.cc26xx_uart_write_byte
                0x0000000000002be8       0x28 contiki-srf06-cc26xx.a(cc26xx-uart.o)
                0x0000000000002be8                cc26xx_uart_write_byte
 .text.cc26xx_uart_set_input
                0x0000000000002c10       0x60 contiki-srf06-cc26xx.a(cc26xx-uart.o)
                0x0000000000002c10                cc26xx_uart_set_input
 .text.cc26xx_uart_busy
                0x0000000000002c70       0x18 contiki-srf06-cc26xx.a(cc26xx-uart.o)
                0x0000000000002c70                cc26xx_uart_busy
 .text.UART0IntHandler
                0x0000000000002c88       0x50 contiki-srf06-cc26xx.a(cc26xx-uart.o)
                0x0000000000002c88                UART0IntHandler
 .text.lpm_shutdown
                0x0000000000002cd8      0x178 contiki-srf06-cc26xx.a(lpm.o)
                0x0000000000002cd8                lpm_shutdown
 .text.lpm_sleep
                0x0000000000002e50       0x14 contiki-srf06-cc26xx.a(lpm.o)
                0x0000000000002e50                lpm_sleep
 .text.lpm_drop
                0x0000000000002e64      0x208 contiki-srf06-cc26xx.a(lpm.o)
                0x0000000000002e64                lpm_drop
 .text.lpm_register_module
                0x000000000000306c        0xc contiki-srf06-cc26xx.a(lpm.o)
                0x000000000000306c                lpm_register_module
 .text.lpm_unregister_module
                0x0000000000003078        0xc contiki-srf06-cc26xx.a(lpm.o)
                0x0000000000003078                lpm_unregister_module
 .text.lpm_init
                0x0000000000003084       0x20 contiki-srf06-cc26xx.a(lpm.o)
                0x0000000000003084                lpm_init
 .text.lpm_pin_set_default_state
                0x00000000000030a4       0x2c contiki-srf06-cc26xx.a(lpm.o)
                0x00000000000030a4                lpm_pin_set_default_state
 .text.gpio_interrupt_register_handler
                0x00000000000030d0       0x2c contiki-srf06-cc26xx.a(gpio-interrupt.)
                0x00000000000030d0                gpio_interrupt_register_handler
 .text.gpio_interrupt_init
                0x00000000000030fc       0x24 contiki-srf06-cc26xx.a(gpio-interrupt.)
                0x00000000000030fc                gpio_interrupt_init
 .text.GPIOIntHandler
                0x0000000000003120       0x30 contiki-srf06-cc26xx.a(gpio-interrupt.)
                0x0000000000003120                GPIOIntHandler
 .text.oscillators_select_lf_xosc
                0x0000000000003150       0x4c contiki-srf06-cc26xx.a(oscillators.o)
                0x0000000000003150                oscillators_select_lf_xosc
 .text.oscillators_switch_to_hf_xosc
                0x000000000000319c       0x34 contiki-srf06-cc26xx.a(oscillators.o)
                0x000000000000319c                oscillators_switch_to_hf_xosc
 .text.oscillators_switch_to_hf_rc
                0x00000000000031d0       0x38 contiki-srf06-cc26xx.a(oscillators.o)
                0x00000000000031d0                oscillators_switch_to_hf_rc
 .text.release_data_entry
                0x0000000000003208       0x14 contiki-srf06-cc26xx.a(ieee-mode.o)
 .text.rf_is_on
                0x000000000000321c       0x18 contiki-srf06-cc26xx.a(ieee-mode.o)
 .text.rx_on    0x0000000000003234       0x50 contiki-srf06-cc26xx.a(ieee-mode.o)
 .text.prepare  0x0000000000003284       0x1c contiki-srf06-cc26xx.a(ieee-mode.o)
 .text.check_rat_overflow
                0x00000000000032a0       0x5c contiki-srf06-cc26xx.a(ieee-mode.o)
 .text.rf_radio_setup
                0x00000000000032fc       0x70 contiki-srf06-cc26xx.a(ieee-mode.o)
 .text.pending_packet
                0x000000000000336c       0x3c contiki-srf06-cc26xx.a(ieee-mode.o)
 .text.soft_off
                0x00000000000033a8       0x2c contiki-srf06-cc26xx.a(ieee-mode.o)
 .text.get_object
                0x00000000000033d4       0x50 contiki-srf06-cc26xx.a(ieee-mode.o)
 .text.rx_off   0x0000000000003424       0x48 contiki-srf06-cc26xx.a(ieee-mode.o)
 .text.set_object
                0x000000000000346c       0x3c contiki-srf06-cc26xx.a(ieee-mode.o)
 .text.off      0x00000000000034a8       0x6c contiki-srf06-cc26xx.a(ieee-mode.o)
 .text.on       0x0000000000003514       0x98 contiki-srf06-cc26xx.a(ieee-mode.o)
 .text.set_value
                0x00000000000035ac      0x164 contiki-srf06-cc26xx.a(ieee-mode.o)
 .text.get_value
                0x0000000000003710      0x110 contiki-srf06-cc26xx.a(ieee-mode.o)
 .text.transmit
                0x0000000000003820       0xd8 contiki-srf06-cc26xx.a(ieee-mode.o)
 .text.read_frame
                0x00000000000038f8      0x138 contiki-srf06-cc26xx.a(ieee-mode.o)
 .text.handle_rat_overflow
                0x0000000000003a30       0x40 contiki-srf06-cc26xx.a(ieee-mode.o)
 .text.init     0x0000000000003a70       0xf8 contiki-srf06-cc26xx.a(ieee-mode.o)
 .text.request  0x0000000000003b68       0x14 contiki-srf06-cc26xx.a(soc-trng.o)
 .text.read_number
                0x0000000000003b7c       0x24 contiki-srf06-cc26xx.a(soc-trng.o)
 .text.accessible
                0x0000000000003ba0       0x24 contiki-srf06-cc26xx.a(soc-trng.o)
 .text.process_thread_soc_trng_process
                0x0000000000003bc4       0x74 contiki-srf06-cc26xx.a(soc-trng.o)
 .text.power_up
                0x0000000000003c38       0x40 contiki-srf06-cc26xx.a(soc-trng.o)
 .text.soc_trng_rand_synchronous
                0x0000000000003c78       0x9c contiki-srf06-cc26xx.a(soc-trng.o)
                0x0000000000003c78                soc_trng_rand_synchronous
 .text.TRNGIntHandler
                0x0000000000003d14       0x50 contiki-srf06-cc26xx.a(soc-trng.o)
                0x0000000000003d14                TRNGIntHandler
 .text.soc_trng_init
                0x0000000000003d64       0x28 contiki-srf06-cc26xx.a(soc-trng.o)
                0x0000000000003d64                soc_trng_init
 .text.printf   0x0000000000003d8c       0x20 contiki-srf06-cc26xx.a(dbg-printf.o)
                0x0000000000003d8c                printf
 .text.vsnprintf
                0x0000000000003dac       0x28 contiki-srf06-cc26xx.a(dbg-snprintf.o)
                0x0000000000003dac                vsnprintf
 .text.fill_space
                0x0000000000003dd4       0x34 contiki-srf06-cc26xx.a(strformat.o)
 .text.format_str_v
                0x0000000000003e08      0x6e8 contiki-srf06-cc26xx.a(strformat.o)
                0x0000000000003e08                format_str_v
 .text.process_thread_ctimer_process
                0x00000000000044f0       0x80 contiki-srf06-cc26xx.a(ctimer.o)
 .text.ctimer_init
                0x0000000000004570       0x28 contiki-srf06-cc26xx.a(ctimer.o)
                0x0000000000004570                ctimer_init
 .text.ctimer_set_with_process
                0x0000000000004598       0x44 contiki-srf06-cc26xx.a(ctimer.o)
                0x0000000000004598                ctimer_set_with_process
 .text.ctimer_set
                0x00000000000045dc       0x14 contiki-srf06-cc26xx.a(ctimer.o)
                0x00000000000045dc                ctimer_set
 .text.ctimer_reset
                0x00000000000045f0       0x38 contiki-srf06-cc26xx.a(ctimer.o)
                0x00000000000045f0                ctimer_reset
 .text.ctimer_restart
                0x0000000000004628       0x38 contiki-srf06-cc26xx.a(ctimer.o)
                0x0000000000004628                ctimer_restart
 .text.ctimer_stop
                0x0000000000004660       0x2c contiki-srf06-cc26xx.a(ctimer.o)
                0x0000000000004660                ctimer_stop
 .text.update_time
                0x000000000000468c       0x44 contiki-srf06-cc26xx.a(etimer.o)
 .text.etimer_request_poll
                0x00000000000046d0        0xc contiki-srf06-cc26xx.a(etimer.o)
                0x00000000000046d0                etimer_request_poll
 .text.process_thread_etimer_process
                0x00000000000046dc       0x94 contiki-srf06-cc26xx.a(etimer.o)
 .text.add_timer
                0x0000000000004770       0x40 contiki-srf06-cc26xx.a(etimer.o)
 .text.etimer_pending
                0x00000000000047b0       0x10 contiki-srf06-cc26xx.a(etimer.o)
                0x00000000000047b0                etimer_pending
 .text.etimer_next_expiration_time
                0x00000000000047c0       0x14 contiki-srf06-cc26xx.a(etimer.o)
                0x00000000000047c0                etimer_next_expiration_time
 .text.etimer_stop
                0x00000000000047d4       0x34 contiki-srf06-cc26xx.a(etimer.o)
                0x00000000000047d4                etimer_stop
 .text.call_process.part.0
                0x0000000000004808       0x38 contiki-srf06-cc26xx.a(process.o)
 .text.exit_process
                0x0000000000004840       0x80 contiki-srf06-cc26xx.a(process.o)
 .text.do_poll  0x00000000000048c0       0x30 contiki-srf06-cc26xx.a(process.o)
 .text.process_alloc_event
                0x00000000000048f0       0x10 contiki-srf06-cc26xx.a(process.o)
                0x00000000000048f0                process_alloc_event
 .text.process_init
                0x0000000000004900       0x30 contiki-srf06-cc26xx.a(process.o)
                0x0000000000004900                process_init
 .text.process_run
                0x0000000000004930       0x84 contiki-srf06-cc26xx.a(process.o)
                0x0000000000004930                process_run
 .text.process_nevents
                0x00000000000049b4       0x14 contiki-srf06-cc26xx.a(process.o)
                0x00000000000049b4                process_nevents
 .text.process_post
                0x00000000000049c8       0x3c contiki-srf06-cc26xx.a(process.o)
                0x00000000000049c8                process_post
 .text.process_post_synch
                0x0000000000004a04       0x14 contiki-srf06-cc26xx.a(process.o)
                0x0000000000004a04                process_post_synch
 .text.process_start
                0x0000000000004a18       0x30 contiki-srf06-cc26xx.a(process.o)
                0x0000000000004a18                process_start
 .text.process_poll
                0x0000000000004a48       0x18 contiki-srf06-cc26xx.a(process.o)
                0x0000000000004a48                process_poll
 .text.rtimer_run_next
                0x0000000000004a60       0x28 contiki-srf06-cc26xx.a(rtimer.o)
                0x0000000000004a60                rtimer_run_next
 .text.process_thread_serial_line_process
                0x0000000000004a88       0x98 contiki-srf06-cc26xx.a(serial-line.o)
 .text.serial_line_input_byte
                0x0000000000004b20       0x44 contiki-srf06-cc26xx.a(serial-line.o)
                0x0000000000004b20                serial_line_input_byte
 .text.serial_line_init
                0x0000000000004b64       0x24 contiki-srf06-cc26xx.a(serial-line.o)
                0x0000000000004b64                serial_line_init
 .text.uip_ds6_prefix_add
                0x0000000000004b88       0x64 contiki-srf06-cc26xx.a(uip-ds6.o)
                0x0000000000004b88                uip_ds6_prefix_add
 .text.uip_ds6_is_addr_onlink
                0x0000000000004bec       0x40 contiki-srf06-cc26xx.a(uip-ds6.o)
                0x0000000000004bec                uip_ds6_is_addr_onlink
 .text.uip_ds6_addr_lookup
                0x0000000000004c2c       0x2c contiki-srf06-cc26xx.a(uip-ds6.o)
                0x0000000000004c2c                uip_ds6_addr_lookup
 .text.uip_ds6_get_link_local
                0x0000000000004c58       0x40 contiki-srf06-cc26xx.a(uip-ds6.o)
                0x0000000000004c58                uip_ds6_get_link_local
 .text.uip_ds6_get_global
                0x0000000000004c98       0x40 contiki-srf06-cc26xx.a(uip-ds6.o)
                0x0000000000004c98                uip_ds6_get_global
 .text.uip_ds6_maddr_add
                0x0000000000004cd8       0x4c contiki-srf06-cc26xx.a(uip-ds6.o)
                0x0000000000004cd8                uip_ds6_maddr_add
 .text.uip_ds6_addr_add
                0x0000000000004d24       0x94 contiki-srf06-cc26xx.a(uip-ds6.o)
                0x0000000000004d24                uip_ds6_addr_add
 .text.uip_ds6_maddr_lookup
                0x0000000000004db8       0x2c contiki-srf06-cc26xx.a(uip-ds6.o)
                0x0000000000004db8                uip_ds6_maddr_lookup
 .text.uip_ds6_addr_rm
                0x0000000000004de4       0x44 contiki-srf06-cc26xx.a(uip-ds6.o)
                0x0000000000004de4                uip_ds6_addr_rm
 .text.uip_ds6_periodic
                0x0000000000004e28       0x4c contiki-srf06-cc26xx.a(uip-ds6.o)
                0x0000000000004e28                uip_ds6_periodic
 .text.uip_ds6_select_src
                0x0000000000004e74       0x94 contiki-srf06-cc26xx.a(uip-ds6.o)
                0x0000000000004e74                uip_ds6_select_src
 .text.uip_ds6_compute_reachable_time
                0x0000000000004f08       0x28 contiki-srf06-cc26xx.a(uip-ds6.o)
                0x0000000000004f08                uip_ds6_compute_reachable_time
 .text.uip_ds6_init
                0x0000000000004f30       0xe0 contiki-srf06-cc26xx.a(uip-ds6.o)
                0x0000000000004f30                uip_ds6_init
 .text.call_route_callback
                0x0000000000005010       0x48 contiki-srf06-cc26xx.a(uip-ds6-route.o)
 .text.uip_ds6_route_init
                0x0000000000005058       0x4c contiki-srf06-cc26xx.a(uip-ds6-route.o)
                0x0000000000005058                uip_ds6_route_init
 .text.uip_ds6_route_nexthop
                0x00000000000050a4       0x20 contiki-srf06-cc26xx.a(uip-ds6-route.o)
                0x00000000000050a4                uip_ds6_route_nexthop
 .text.uip_ds6_route_head
                0x00000000000050c4        0xc contiki-srf06-cc26xx.a(uip-ds6-route.o)
                0x00000000000050c4                uip_ds6_route_head
 .text.uip_ds6_route_is_nexthop
                0x00000000000050d0       0x20 contiki-srf06-cc26xx.a(uip-ds6-route.o)
                0x00000000000050d0                uip_ds6_route_is_nexthop
 .text.uip_ds6_route_lookup
                0x00000000000050f0       0x64 contiki-srf06-cc26xx.a(uip-ds6-route.o)
                0x00000000000050f0                uip_ds6_route_lookup
 .text.uip_ds6_route_rm
                0x0000000000005154       0x9c contiki-srf06-cc26xx.a(uip-ds6-route.o)
                0x0000000000005154                uip_ds6_route_rm
 .text.rm_routelist
                0x00000000000051f0       0x30 contiki-srf06-cc26xx.a(uip-ds6-route.o)
 .text.uip_ds6_route_add
                0x0000000000005220      0x108 contiki-srf06-cc26xx.a(uip-ds6-route.o)
                0x0000000000005220                uip_ds6_route_add
 .text.uip_ds6_defrt_rm
                0x0000000000005328       0x44 contiki-srf06-cc26xx.a(uip-ds6-route.o)
                0x0000000000005328                uip_ds6_defrt_rm
 .text.uip_ds6_defrt_lookup
                0x000000000000536c       0x2c contiki-srf06-cc26xx.a(uip-ds6-route.o)
                0x000000000000536c                uip_ds6_defrt_lookup
 .text.uip_ds6_defrt_add
                0x0000000000005398       0x64 contiki-srf06-cc26xx.a(uip-ds6-route.o)
                0x0000000000005398                uip_ds6_defrt_add
 .text.uip_ds6_defrt_choose
                0x00000000000053fc       0x30 contiki-srf06-cc26xx.a(uip-ds6-route.o)
                0x00000000000053fc                uip_ds6_defrt_choose
 .text.uip_ds6_defrt_periodic
                0x000000000000542c       0x30 contiki-srf06-cc26xx.a(uip-ds6-route.o)
                0x000000000000542c                uip_ds6_defrt_periodic
 .text.upper_layer_chksum
                0x000000000000545c       0x54 contiki-srf06-cc26xx.a(uip6.o)
 .text.ext_hdr_options_process
                0x00000000000054b0       0xac contiki-srf06-cc26xx.a(uip6.o)
 .text.uip_add32
                0x000000000000555c       0x54 contiki-srf06-cc26xx.a(uip6.o)
                0x000000000000555c                uip_add32
 .text.unlikely.uip_add_rcv_nxt
                0x00000000000055b0       0x2c contiki-srf06-cc26xx.a(uip6.o)
 .text.uip_init
                0x00000000000055dc       0x5c contiki-srf06-cc26xx.a(uip6.o)
                0x00000000000055dc                uip_init
 .text.uip_connect
                0x0000000000005638       0xe0 contiki-srf06-cc26xx.a(uip6.o)
                0x0000000000005638                uip_connect
 .text.remove_ext_hdr
                0x0000000000005718       0x5c contiki-srf06-cc26xx.a(uip6.o)
                0x0000000000005718                remove_ext_hdr
 .text.uip_unlisten
                0x0000000000005774       0x20 contiki-srf06-cc26xx.a(uip6.o)
                0x0000000000005774                uip_unlisten
 .text.uip_process
                0x0000000000005794      0xd50 contiki-srf06-cc26xx.a(uip6.o)
                0x0000000000005794                uip_process
 .text.uip_send
                0x00000000000064e4       0x48 contiki-srf06-cc26xx.a(uip6.o)
                0x00000000000064e4                uip_send
 .text.uip_ds6_nbr_rm
                0x000000000000652c       0x20 contiki-srf06-cc26xx.a(uip-ds6-nbr.o)
                0x000000000000652c                uip_ds6_nbr_rm
 .text.uip_ds6_neighbors_init
                0x000000000000654c       0x1c contiki-srf06-cc26xx.a(uip-ds6-nbr.o)
                0x000000000000654c                uip_ds6_neighbors_init
 .text.uip_ds6_nbr_add
                0x0000000000006568       0x3c contiki-srf06-cc26xx.a(uip-ds6-nbr.o)
                0x0000000000006568                uip_ds6_nbr_add
 .text.uip_ds6_nbr_get_ll
                0x00000000000065a4       0x10 contiki-srf06-cc26xx.a(uip-ds6-nbr.o)
                0x00000000000065a4                uip_ds6_nbr_get_ll
 .text.uip_ds6_nbr_lookup
                0x00000000000065b4       0x38 contiki-srf06-cc26xx.a(uip-ds6-nbr.o)
                0x00000000000065b4                uip_ds6_nbr_lookup
 .text.uip_ds6_nbr_ll_lookup
                0x00000000000065ec       0x10 contiki-srf06-cc26xx.a(uip-ds6-nbr.o)
                0x00000000000065ec                uip_ds6_nbr_ll_lookup
 .text.uip_ds6_link_neighbor_callback
                0x00000000000065fc       0x34 contiki-srf06-cc26xx.a(uip-ds6-nbr.o)
                0x00000000000065fc                uip_ds6_link_neighbor_callback
 .text.clear_fragments
                0x0000000000006630       0x3c contiki-srf06-cc26xx.a(sicslowpan.o)
 .text.sicslowpan_init
                0x000000000000666c       0x24 contiki-srf06-cc26xx.a(sicslowpan.o)
                0x000000000000666c                sicslowpan_init
 .text.compress_addr_64
                0x0000000000006690       0x90 contiki-srf06-cc26xx.a(sicslowpan.o)
 .text.set_packet_attrs
                0x0000000000006720       0x44 contiki-srf06-cc26xx.a(sicslowpan.o)
 .text.addr_context_lookup_by_prefix
                0x0000000000006764       0x28 contiki-srf06-cc26xx.a(sicslowpan.o)
 .text.send_packet
                0x000000000000678c       0x24 contiki-srf06-cc26xx.a(sicslowpan.o)
 .text.packet_sent
                0x00000000000067b0       0x28 contiki-srf06-cc26xx.a(sicslowpan.o)
 .text.store_fragment
                0x00000000000067d8       0x58 contiki-srf06-cc26xx.a(sicslowpan.o)
 .text.uncompress_addr
                0x0000000000006830       0xa4 contiki-srf06-cc26xx.a(sicslowpan.o)
 .text.output   0x00000000000068d4      0x6a0 contiki-srf06-cc26xx.a(sicslowpan.o)
 .text.add_fragment
                0x0000000000006f74      0x124 contiki-srf06-cc26xx.a(sicslowpan.o)
 .text.input    0x0000000000007098      0x5ac contiki-srf06-cc26xx.a(sicslowpan.o)
 .text.uip_debug_ipaddr_print
                0x0000000000007644       0xa0 contiki-srf06-cc26xx.a(uip-debug.o)
                0x0000000000007644                uip_debug_ipaddr_print
 .text.newdata  0x00000000000076e4       0x54 contiki-srf06-cc26xx.a(tcp-socket.o)
 .text.senddata
                0x0000000000007738       0x28 contiki-srf06-cc26xx.a(tcp-socket.o)
 .text.process_thread_tcp_socket_process
                0x0000000000007760      0x1cc contiki-srf06-cc26xx.a(tcp-socket.o)
 .text.tcp_socket_register
                0x000000000000792c       0x6c contiki-srf06-cc26xx.a(tcp-socket.o)
                0x000000000000792c                tcp_socket_register
 .text.tcp_socket_connect
                0x0000000000007998       0x4c contiki-srf06-cc26xx.a(tcp-socket.o)
                0x0000000000007998                tcp_socket_connect
 .text.tcp_socket_unlisten
                0x00000000000079e4       0x3c contiki-srf06-cc26xx.a(tcp-socket.o)
                0x00000000000079e4                tcp_socket_unlisten
 .text.tcp_socket_unregister
                0x0000000000007a20       0x2c contiki-srf06-cc26xx.a(tcp-socket.o)
                0x0000000000007a20                tcp_socket_unregister
 .text.start_periodic_tcp_timer
                0x0000000000007a4c       0x1c contiki-srf06-cc26xx.a(tcpip.o)
 .text.tcpip_output
                0x0000000000007a68       0x10 contiki-srf06-cc26xx.a(tcpip.o)
                0x0000000000007a68                tcpip_output
 .text.tcpip_set_outputfunc
                0x0000000000007a78        0xc contiki-srf06-cc26xx.a(tcpip.o)
                0x0000000000007a78                tcpip_set_outputfunc
 .text.tcp_unlisten
                0x0000000000007a84       0x34 contiki-srf06-cc26xx.a(tcpip.o)
                0x0000000000007a84                tcp_unlisten
 .text.tcp_attach
                0x0000000000007ab8       0x10 contiki-srf06-cc26xx.a(tcpip.o)
                0x0000000000007ab8                tcp_attach
 .text.tcpip_icmp6_call
                0x0000000000007ac8       0x28 contiki-srf06-cc26xx.a(tcpip.o)
                0x0000000000007ac8                tcpip_icmp6_call
 .text.tcpip_input
                0x0000000000007af0       0x24 contiki-srf06-cc26xx.a(tcpip.o)
                0x0000000000007af0                tcpip_input
 .text.tcpip_ipv6_output
                0x0000000000007b14       0xb0 contiki-srf06-cc26xx.a(tcpip.o)
                0x0000000000007b14                tcpip_ipv6_output
 .text.process_thread_tcpip_process
                0x0000000000007bc4      0x1ac contiki-srf06-cc26xx.a(tcpip.o)
 .text.tcpip_poll_tcp
                0x0000000000007d70       0x10 contiki-srf06-cc26xx.a(tcpip.o)
                0x0000000000007d70                tcpip_poll_tcp
 .text.tcp_connect
                0x0000000000007d80       0x20 contiki-srf06-cc26xx.a(tcpip.o)
                0x0000000000007d80                tcp_connect
 .text.tcpip_uipcall
                0x0000000000007da0       0x68 contiki-srf06-cc26xx.a(tcpip.o)
                0x0000000000007da0                tcpip_uipcall
 .text.update_hbh_header
                0x0000000000007e08       0xc4 contiki-srf06-cc26xx.a(rpl-ext-header.)
 .text.insert_hbh_header
                0x0000000000007ecc       0xb0 contiki-srf06-cc26xx.a(rpl-ext-header.)
 .text.rpl_verify_hbh_header
                0x0000000000007f7c      0x100 contiki-srf06-cc26xx.a(rpl-ext-header.)
                0x0000000000007f7c                rpl_verify_hbh_header
 .text.rpl_remove_header
                0x000000000000807c       0x7c contiki-srf06-cc26xx.a(rpl-ext-header.)
                0x000000000000807c                rpl_remove_header
 .text.rpl_update_header
                0x00000000000080f8       0x64 contiki-srf06-cc26xx.a(rpl-ext-header.)
                0x00000000000080f8                rpl_update_header
 .text.rpl_get_mode
                0x000000000000815c        0xc contiki-srf06-cc26xx.a(rpl.o)
                0x000000000000815c                rpl_get_mode
 .text.rpl_purge_routes
                0x0000000000008168       0x64 contiki-srf06-cc26xx.a(rpl.o)
                0x0000000000008168                rpl_purge_routes
 .text.rpl_link_neighbor_callback
                0x00000000000081cc       0x54 contiki-srf06-cc26xx.a(rpl.o)
                0x00000000000081cc                rpl_link_neighbor_callback
 .text.rpl_ipv6_neighbor_callback
                0x0000000000008220       0x28 contiki-srf06-cc26xx.a(rpl.o)
                0x0000000000008220                rpl_ipv6_neighbor_callback
 .text.rpl_purge_dags
                0x0000000000008248       0x3c contiki-srf06-cc26xx.a(rpl.o)
                0x0000000000008248                rpl_purge_dags
 .text.rpl_init
                0x0000000000008284       0x4c contiki-srf06-cc26xx.a(rpl.o)
                0x0000000000008284                rpl_init
 .text.dao_ack_input
                0x00000000000082d0       0x14 contiki-srf06-cc26xx.a(rpl-icmp6.o)
 .text.dio_input
                0x00000000000082e4      0x254 contiki-srf06-cc26xx.a(rpl-icmp6.o)
 .text.dao_input
                0x0000000000008538      0x270 contiki-srf06-cc26xx.a(rpl-icmp6.o)
 .text.dis_output
                0x00000000000087a8       0x54 contiki-srf06-cc26xx.a(rpl-icmp6.o)
                0x00000000000087a8                dis_output
 .text.dio_output
                0x00000000000087fc      0x218 contiki-srf06-cc26xx.a(rpl-icmp6.o)
                0x00000000000087fc                dio_output
 .text.dis_input
                0x0000000000008a14       0x50 contiki-srf06-cc26xx.a(rpl-icmp6.o)
 .text.dao_output_target
                0x0000000000008a64      0x100 contiki-srf06-cc26xx.a(rpl-icmp6.o)
                0x0000000000008a64                dao_output_target
 .text.dao_output
                0x0000000000008b64       0x90 contiki-srf06-cc26xx.a(rpl-icmp6.o)
                0x0000000000008b64                dao_output
 .text.rpl_icmp6_register_handlers
                0x0000000000008bf4       0x30 contiki-srf06-cc26xx.a(rpl-icmp6.o)
                0x0000000000008bf4                rpl_icmp6_register_handlers
 .text.rpl_set_preferred_parent
                0x0000000000008c24       0x28 contiki-srf06-cc26xx.a(rpl-dag.o)
 .text.set_ip_from_prefix
                0x0000000000008c4c       0x2c contiki-srf06-cc26xx.a(rpl-dag.o)
 .text.find_parent_any_dag_any_instance
                0x0000000000008c78       0x1c contiki-srf06-cc26xx.a(rpl-dag.o)
 .text.rpl_dag_init
                0x0000000000008c94       0x14 contiki-srf06-cc26xx.a(rpl-dag.o)
                0x0000000000008c94                rpl_dag_init
 .text.rpl_get_parent
                0x0000000000008ca8       0x10 contiki-srf06-cc26xx.a(rpl-dag.o)
                0x0000000000008ca8                rpl_get_parent
 .text.rpl_get_parent_lladdr
                0x0000000000008cb8       0x10 contiki-srf06-cc26xx.a(rpl-dag.o)
                0x0000000000008cb8                rpl_get_parent_lladdr
 .text.best_parent
                0x0000000000008cc8       0x74 contiki-srf06-cc26xx.a(rpl-dag.o)
 .text.rpl_alloc_instance
                0x0000000000008d3c       0x34 contiki-srf06-cc26xx.a(rpl-dag.o)
                0x0000000000008d3c                rpl_alloc_instance
 .text.rpl_add_parent
                0x0000000000008d70       0x30 contiki-srf06-cc26xx.a(rpl-dag.o)
                0x0000000000008d70                rpl_add_parent
 .text.rpl_remove_parent
                0x0000000000008da0       0x1c contiki-srf06-cc26xx.a(rpl-dag.o)
                0x0000000000008da0                rpl_remove_parent
 .text.remove_parents.constprop.5
                0x0000000000008dbc       0x2c contiki-srf06-cc26xx.a(rpl-dag.o)
 .text.rpl_get_any_dag
                0x0000000000008de8       0x18 contiki-srf06-cc26xx.a(rpl-dag.o)
                0x0000000000008de8                rpl_get_any_dag
 .text.rpl_get_instance
                0x0000000000008e00       0x20 contiki-srf06-cc26xx.a(rpl-dag.o)
                0x0000000000008e00                rpl_get_instance
 .text.rpl_find_of
                0x0000000000008e20       0x14 contiki-srf06-cc26xx.a(rpl-dag.o)
                0x0000000000008e20                rpl_find_of
 .text.rpl_join_instance
                0x0000000000008e34      0x140 contiki-srf06-cc26xx.a(rpl-dag.o)
                0x0000000000008e34                rpl_join_instance
 .text.rpl_local_repair
                0x0000000000008f74       0x70 contiki-srf06-cc26xx.a(rpl-dag.o)
                0x0000000000008f74                rpl_local_repair
 .text.rpl_recalculate_ranks
                0x0000000000008fe4       0x3c contiki-srf06-cc26xx.a(rpl-dag.o)
                0x0000000000008fe4                rpl_recalculate_ranks
 .text.TrimAfterColdResetWakeupFromShutDown
                0x0000000000009020       0xd8 contiki-srf06-cc26xx.a(setup.o)
 .text.NOROM_SetupTrimDevice
                0x00000000000090f8       0xa4 contiki-srf06-cc26xx.a(setup.o)
                0x00000000000090f8                NOROM_SetupTrimDevice
 .text.NOROM_OSCClockSourceSet
                0x000000000000919c       0x4c contiki-srf06-cc26xx.a(osc.o)
                0x000000000000919c                NOROM_OSCClockSourceSet
 .text.NOROM_OSCClockSourceGet
                0x00000000000091e8       0x24 contiki-srf06-cc26xx.a(osc.o)
                0x00000000000091e8                NOROM_OSCClockSourceGet
 .text.SafeHapiVoid
                0x000000000000920c       0x28 contiki-srf06-cc26xx.a(adi.o)
                0x000000000000920c                SafeHapiVoid
 .text.NOROM_TRNGConfigure
                0x0000000000009234       0x38 contiki-srf06-cc26xx.a(trng.o)
                0x0000000000009234                NOROM_TRNGConfigure
 .text.AuxAdiDdiSafeWrite.constprop.1
                0x000000000000926c       0x28 contiki-srf06-cc26xx.a(ddi.o)
 .text.NOROM_DDI16BitfieldRead
                0x0000000000009294       0x40 contiki-srf06-cc26xx.a(ddi.o)
                0x0000000000009294                NOROM_DDI16BitfieldRead
 .text.NOROM_ChipInfo_GetSupportedProtocol_BV
                0x00000000000092d4       0x10 contiki-srf06-cc26xx.a(chipinfo.o)
                0x00000000000092d4                NOROM_ChipInfo_GetSupportedProtocol_BV
 .text.NOROM_ChipInfo_GetChipFamily
                0x00000000000092e4       0x4c contiki-srf06-cc26xx.a(chipinfo.o)
                0x00000000000092e4                NOROM_ChipInfo_GetChipFamily
 .text.NOROM_ChipInfo_GetChipType
                0x0000000000009330       0x54 contiki-srf06-cc26xx.a(chipinfo.o)
                0x0000000000009330                NOROM_ChipInfo_GetChipType
 .text.NOROM_ChipInfo_GetHwRevision
                0x0000000000009384       0x6c contiki-srf06-cc26xx.a(chipinfo.o)
                0x0000000000009384                NOROM_ChipInfo_GetHwRevision
 .text.NOROM_SetupAfterColdResetWakeupFromShutDownCfg1
                0x00000000000093f0       0x78 contiki-srf06-cc26xx.a(setup_rom.o)
                0x00000000000093f0                NOROM_SetupAfterColdResetWakeupFromShutDownCfg1
 .text.NOROM_SetupGetTrimForAnabypassValue1
                0x0000000000009468       0x5c contiki-srf06-cc26xx.a(setup_rom.o)
                0x0000000000009468                NOROM_SetupGetTrimForAnabypassValue1
 .text.NOROM_SetupGetTrimForRcOscLfRtuneCtuneTrim
                0x00000000000094c4       0x18 contiki-srf06-cc26xx.a(setup_rom.o)
                0x00000000000094c4                NOROM_SetupGetTrimForRcOscLfRtuneCtuneTrim
 .text.NOROM_SetupGetTrimForAmpcompTh2
                0x00000000000094dc       0x10 contiki-srf06-cc26xx.a(setup_rom.o)
                0x00000000000094dc                NOROM_SetupGetTrimForAmpcompTh2
 .text.NOROM_SetupGetTrimForAmpcompTh1
                0x00000000000094ec       0x14 contiki-srf06-cc26xx.a(setup_rom.o)
                0x00000000000094ec                NOROM_SetupGetTrimForAmpcompTh1
 .text.NOROM_SetupGetTrimForAmpcompCtrl
                0x0000000000009500       0x64 contiki-srf06-cc26xx.a(setup_rom.o)
                0x0000000000009500                NOROM_SetupGetTrimForAmpcompCtrl
 .text.NOROM_SetupGetTrimForDblrLoopFilterResetVoltage
                0x0000000000009564       0x14 contiki-srf06-cc26xx.a(setup_rom.o)
                0x0000000000009564                NOROM_SetupGetTrimForDblrLoopFilterResetVoltage
 .text.NOROM_SetupGetTrimForAdcShModeEn
                0x0000000000009578       0x14 contiki-srf06-cc26xx.a(setup_rom.o)
                0x0000000000009578                NOROM_SetupGetTrimForAdcShModeEn
 .text.NOROM_SetupGetTrimForAdcShVbufEn
                0x000000000000958c       0x14 contiki-srf06-cc26xx.a(setup_rom.o)
                0x000000000000958c                NOROM_SetupGetTrimForAdcShVbufEn
 .text.NOROM_SetupGetTrimForXoscHfCtl
                0x00000000000095a0       0x28 contiki-srf06-cc26xx.a(setup_rom.o)
                0x00000000000095a0                NOROM_SetupGetTrimForXoscHfCtl
 .text.NOROM_SetupGetTrimForXoscHfFastStart
                0x00000000000095c8       0x10 contiki-srf06-cc26xx.a(setup_rom.o)
                0x00000000000095c8                NOROM_SetupGetTrimForXoscHfFastStart
 .text.NOROM_SetupGetTrimForRadcExtCfg
                0x00000000000095d8       0x2c contiki-srf06-cc26xx.a(setup_rom.o)
                0x00000000000095d8                NOROM_SetupGetTrimForRadcExtCfg
 .text.NOROM_SetupGetTrimForRcOscLfIBiasTrim
                0x0000000000009604       0x14 contiki-srf06-cc26xx.a(setup_rom.o)
                0x0000000000009604                NOROM_SetupGetTrimForRcOscLfIBiasTrim
 .text.NOROM_SetupGetTrimForXoscLfRegulatorAndCmirrwrRatio
                0x0000000000009618       0x14 contiki-srf06-cc26xx.a(setup_rom.o)
                0x0000000000009618                NOROM_SetupGetTrimForXoscLfRegulatorAndCmirrwrRatio
 .text.NOROM_SetupAfterColdResetWakeupFromShutDownCfg2
                0x000000000000962c      0x108 contiki-srf06-cc26xx.a(setup_rom.o)
                0x000000000000962c                NOROM_SetupAfterColdResetWakeupFromShutDownCfg2
 .text.NOROM_SetupSetCacheModeAccordingToCcfgSetting
                0x0000000000009734       0x64 contiki-srf06-cc26xx.a(setup_rom.o)
                0x0000000000009734                NOROM_SetupSetCacheModeAccordingToCcfgSetting
 .text.NOROM_SetupSetAonRtcSubSecInc
                0x0000000000009798       0x28 contiki-srf06-cc26xx.a(setup_rom.o)
                0x0000000000009798                NOROM_SetupSetAonRtcSubSecInc
 .text.NOROM_SetupAfterColdResetWakeupFromShutDownCfg3
                0x00000000000097c0      0x150 contiki-srf06-cc26xx.a(setup_rom.o)
                0x00000000000097c0                NOROM_SetupAfterColdResetWakeupFromShutDownCfg3
 .text.NOROM_SysCtrlSetRechargeBeforePowerDown
                0x0000000000009910      0x1fc contiki-srf06-cc26xx.a(sys_ctrl.o)
                0x0000000000009910                NOROM_SysCtrlSetRechargeBeforePowerDown
 .text.NOROM_SysCtrlAdjustRechargeAfterPowerDown
                0x0000000000009b0c       0x60 contiki-srf06-cc26xx.a(sys_ctrl.o)
                0x0000000000009b0c                NOROM_SysCtrlAdjustRechargeAfterPowerDown
 .text.NOROM_SysCtrl_DCDC_VoltageConditionalControl
                0x0000000000009b6c       0x78 contiki-srf06-cc26xx.a(sys_ctrl.o)
                0x0000000000009b6c                NOROM_SysCtrl_DCDC_VoltageConditionalControl
 .text.NOROM_PowerCtrlSourceSet
                0x0000000000009be4       0x2c contiki-srf06-cc26xx.a(pwr_ctrl.o)
                0x0000000000009be4                NOROM_PowerCtrlSourceSet
 .text.NOROM_AONRTCCurrentCompareValueGet
                0x0000000000009c10       0x20 contiki-srf06-cc26xx.a(aon_rtc.o)
                0x0000000000009c10                NOROM_AONRTCCurrentCompareValueGet
 .text.queuebuf_init
                0x0000000000009c30       0x1c contiki-srf06-cc26xx.a(queuebuf.o)
                0x0000000000009c30                queuebuf_init
 .text.queuebuf_numfree
                0x0000000000009c4c        0xc contiki-srf06-cc26xx.a(queuebuf.o)
                0x0000000000009c4c                queuebuf_numfree
 .text.queuebuf_new_from_packetbuf
                0x0000000000009c58       0x44 contiki-srf06-cc26xx.a(queuebuf.o)
                0x0000000000009c58                queuebuf_new_from_packetbuf
 .text.queuebuf_free
                0x0000000000009c9c       0x2c contiki-srf06-cc26xx.a(queuebuf.o)
                0x0000000000009c9c                queuebuf_free
 .text.queuebuf_to_packetbuf
                0x0000000000009cc8       0x30 contiki-srf06-cc26xx.a(queuebuf.o)
                0x0000000000009cc8                queuebuf_to_packetbuf
 .text.key_from_index
                0x0000000000009cf8       0x18 contiki-srf06-cc26xx.a(nbr-table.o)
 .text.index_from_key
                0x0000000000009d10       0x20 contiki-srf06-cc26xx.a(nbr-table.o)
 .text.index_from_lladdr
                0x0000000000009d30       0x40 contiki-srf06-cc26xx.a(nbr-table.o)
 .text.nbr_get_bit.constprop.0
                0x0000000000009d70       0x30 contiki-srf06-cc26xx.a(nbr-table.o)
 .text.remove_key
                0x0000000000009da0       0x58 contiki-srf06-cc26xx.a(nbr-table.o)
 .text.nbr_table_register
                0x0000000000009df8       0x28 contiki-srf06-cc26xx.a(nbr-table.o)
                0x0000000000009df8                nbr_table_register
 .text.nbr_table_head
                0x0000000000009e20       0x34 contiki-srf06-cc26xx.a(nbr-table.o)
                0x0000000000009e20                nbr_table_head
 .text.nbr_table_add_lladdr
                0x0000000000009e54      0x114 contiki-srf06-cc26xx.a(nbr-table.o)
                0x0000000000009e54                nbr_table_add_lladdr
 .text.nbr_table_remove
                0x0000000000009f68       0x2c contiki-srf06-cc26xx.a(nbr-table.o)
                0x0000000000009f68                nbr_table_remove
 .text.nbr_table_lock
                0x0000000000009f94       0x14 contiki-srf06-cc26xx.a(nbr-table.o)
                0x0000000000009f94                nbr_table_lock
 .text.nbr_table_unlock
                0x0000000000009fa8       0x14 contiki-srf06-cc26xx.a(nbr-table.o)
                0x0000000000009fa8                nbr_table_unlock
 .text.packetbuf_hdrreduce
                0x0000000000009fbc       0x2c contiki-srf06-cc26xx.a(packetbuf.o)
                0x0000000000009fbc                packetbuf_hdrreduce
 .text.packetbuf_set_datalen
                0x0000000000009fe8        0xc contiki-srf06-cc26xx.a(packetbuf.o)
                0x0000000000009fe8                packetbuf_set_datalen
 .text.packetbuf_hdrptr
                0x0000000000009ff4        0x8 contiki-srf06-cc26xx.a(packetbuf.o)
                0x0000000000009ff4                packetbuf_hdrptr
 .text.packetbuf_datalen
                0x0000000000009ffc        0xc contiki-srf06-cc26xx.a(packetbuf.o)
                0x0000000000009ffc                packetbuf_datalen
 .text.packetbuf_hdrlen
                0x000000000000a008       0x18 contiki-srf06-cc26xx.a(packetbuf.o)
                0x000000000000a008                packetbuf_hdrlen
 .text.packetbuf_dataptr
                0x000000000000a020       0x10 contiki-srf06-cc26xx.a(packetbuf.o)
                0x000000000000a020                packetbuf_dataptr
 .text.packetbuf_copyto
                0x000000000000a030       0x40 contiki-srf06-cc26xx.a(packetbuf.o)
                0x000000000000a030                packetbuf_copyto
 .text.packetbuf_totlen
                0x000000000000a070       0x14 contiki-srf06-cc26xx.a(packetbuf.o)
                0x000000000000a070                packetbuf_totlen
 .text.packetbuf_hdralloc
                0x000000000000a084       0x3c contiki-srf06-cc26xx.a(packetbuf.o)
                0x000000000000a084                packetbuf_hdralloc
 .text.packetbuf_attr_clear
                0x000000000000a0c0       0x34 contiki-srf06-cc26xx.a(packetbuf.o)
                0x000000000000a0c0                packetbuf_attr_clear
 .text.packetbuf_clear
                0x000000000000a0f4       0x20 contiki-srf06-cc26xx.a(packetbuf.o)
                0x000000000000a0f4                packetbuf_clear
 .text.packetbuf_copyfrom
                0x000000000000a114       0x2c contiki-srf06-cc26xx.a(packetbuf.o)
                0x000000000000a114                packetbuf_copyfrom
 .text.packetbuf_attr_copyto
                0x000000000000a140       0x34 contiki-srf06-cc26xx.a(packetbuf.o)
                0x000000000000a140                packetbuf_attr_copyto
 .text.packetbuf_attr_copyfrom
                0x000000000000a174       0x34 contiki-srf06-cc26xx.a(packetbuf.o)
                0x000000000000a174                packetbuf_attr_copyfrom
 .text.packetbuf_set_attr
                0x000000000000a1a8       0x10 contiki-srf06-cc26xx.a(packetbuf.o)
                0x000000000000a1a8                packetbuf_set_attr
 .text.packetbuf_attr
                0x000000000000a1b8        0xc contiki-srf06-cc26xx.a(packetbuf.o)
                0x000000000000a1b8                packetbuf_attr
 .text.packetbuf_set_addr
                0x000000000000a1c4       0x18 contiki-srf06-cc26xx.a(packetbuf.o)
                0x000000000000a1c4                packetbuf_set_addr
 .text.packetbuf_addr
                0x000000000000a1dc       0x10 contiki-srf06-cc26xx.a(packetbuf.o)
                0x000000000000a1dc                packetbuf_addr
 .text.packetbuf_holds_broadcast
                0x000000000000a1ec       0x10 contiki-srf06-cc26xx.a(packetbuf.o)
                0x000000000000a1ec                packetbuf_holds_broadcast
 .text.netstack_init
                0x000000000000a1fc       0x38 contiki-srf06-cc26xx.a(netstack.o)
                0x000000000000a1fc                netstack_init
 .text.periodic
                0x000000000000a234       0x2c contiki-srf06-cc26xx.a(link-stats.o)
 .text.link_stats_from_lladdr
                0x000000000000a260        0xc contiki-srf06-cc26xx.a(link-stats.o)
                0x000000000000a260                link_stats_from_lladdr
 .text.link_stats_packet_sent
                0x000000000000a26c       0x78 contiki-srf06-cc26xx.a(link-stats.o)
                0x000000000000a26c                link_stats_packet_sent
 .text.link_stats_input_callback
                0x000000000000a2e4       0x4c contiki-srf06-cc26xx.a(link-stats.o)
                0x000000000000a2e4                link_stats_input_callback
 .text.link_stats_init
                0x000000000000a330       0x28 contiki-srf06-cc26xx.a(link-stats.o)
                0x000000000000a330                link_stats_init
 .text.input_packet
                0x000000000000a358        0xc contiki-srf06-cc26xx.a(csma.o)
 .text.on       0x000000000000a364        0xc contiki-srf06-cc26xx.a(csma.o)
 .text.off      0x000000000000a370        0xc contiki-srf06-cc26xx.a(csma.o)
 .text.channel_check_interval
                0x000000000000a37c       0x10 contiki-srf06-cc26xx.a(csma.o)
 .text.transmit_packet_list
                0x000000000000a38c       0x30 contiki-srf06-cc26xx.a(csma.o)
 .text.schedule_transmission
                0x000000000000a3bc       0x4c contiki-srf06-cc26xx.a(csma.o)
 .text.send_packet
                0x000000000000a408      0x138 contiki-srf06-cc26xx.a(csma.o)
 .text.init     0x000000000000a540       0x24 contiki-srf06-cc26xx.a(csma.o)
 .text.tx_done  0x000000000000a564       0x84 contiki-srf06-cc26xx.a(csma.o)
 .text.create_frame.isra.0
                0x000000000000a5e8      0x128 contiki-srf06-cc26xx.a(framer-802154.o)
 .text.on       0x000000000000a710        0xc contiki-srf06-cc26xx.a(nullrdc.o)
 .text.send_one_packet
                0x000000000000a71c       0x68 contiki-srf06-cc26xx.a(nullrdc.o)
 .text.off      0x000000000000a784       0x18 contiki-srf06-cc26xx.a(nullrdc.o)
 .text.packet_input
                0x000000000000a79c       0x44 contiki-srf06-cc26xx.a(nullrdc.o)
 .text.input    0x000000000000a7e0        0xc contiki-srf06-cc26xx.a(nullsec.o)
 .text.send     0x000000000000a7ec       0x20 contiki-srf06-cc26xx.a(nullsec.o)
 .text.aux_ctrl_power_up
                0x000000000000a80c       0x28 contiki-srf06-cc26xx.a(aux-ctrl.o)
                0x000000000000a80c                aux_ctrl_power_up
 .text.aux_ctrl_register_consumer
                0x000000000000a834       0x44 contiki-srf06-cc26xx.a(aux-ctrl.o)
                0x000000000000a834                aux_ctrl_register_consumer
 .text.aux_ctrl_power_down
                0x000000000000a878       0x68 contiki-srf06-cc26xx.a(aux-ctrl.o)
                0x000000000000a878                aux_ctrl_power_down
 .text.aux_ctrl_unregister_consumer
                0x000000000000a8e0       0x28 contiki-srf06-cc26xx.a(aux-ctrl.o)
                0x000000000000a8e0                aux_ctrl_unregister_consumer
 .text.process_thread_rf_core_process
                0x000000000000a908       0x58 contiki-srf06-cc26xx.a(rf-core.o)
 .text.rf_core_is_accessible
                0x000000000000a960       0x10 contiki-srf06-cc26xx.a(rf-core.o)
                0x000000000000a960                rf_core_is_accessible
 .text.rf_core_send_cmd
                0x000000000000a970       0x80 contiki-srf06-cc26xx.a(rf-core.o)
                0x000000000000a970                rf_core_send_cmd
 .text.rf_core_wait_cmd_done
                0x000000000000a9f0       0x2c contiki-srf06-cc26xx.a(rf-core.o)
                0x000000000000a9f0                rf_core_wait_cmd_done
 .text.rf_core_power_up
                0x000000000000aa1c       0xac contiki-srf06-cc26xx.a(rf-core.o)
                0x000000000000aa1c                rf_core_power_up
 .text.rf_core_set_modesel
                0x000000000000aac8       0x38 contiki-srf06-cc26xx.a(rf-core.o)
                0x000000000000aac8                rf_core_set_modesel
 .text.rf_core_setup_interrupts
                0x000000000000ab00       0x64 contiki-srf06-cc26xx.a(rf-core.o)
                0x000000000000ab00                rf_core_setup_interrupts
 .text.rf_core_cmd_done_en
                0x000000000000ab64       0x28 contiki-srf06-cc26xx.a(rf-core.o)
                0x000000000000ab64                rf_core_cmd_done_en
 .text.rf_core_cmd_done_dis
                0x000000000000ab8c       0x18 contiki-srf06-cc26xx.a(rf-core.o)
                0x000000000000ab8c                rf_core_cmd_done_dis
 .text.rf_core_get_last_radio_op
                0x000000000000aba4        0xc contiki-srf06-cc26xx.a(rf-core.o)
                0x000000000000aba4                rf_core_get_last_radio_op
 .text.rf_core_start_rat
                0x000000000000abb0       0x3c contiki-srf06-cc26xx.a(rf-core.o)
                0x000000000000abb0                rf_core_start_rat
 .text.rf_core_stop_rat
                0x000000000000abec       0x44 contiki-srf06-cc26xx.a(rf-core.o)
                0x000000000000abec                rf_core_stop_rat
 .text.rf_core_power_down
                0x000000000000ac30       0xbc contiki-srf06-cc26xx.a(rf-core.o)
                0x000000000000ac30                rf_core_power_down
 .text.rf_core_primary_mode_register
                0x000000000000acec        0xc contiki-srf06-cc26xx.a(rf-core.o)
                0x000000000000acec                rf_core_primary_mode_register
 .text.RFCCPE1IntHandler
                0x000000000000acf8       0x20 contiki-srf06-cc26xx.a(rf-core.o)
                0x000000000000acf8                RFCCPE1IntHandler
 .text.RFCCPE0IntHandler
                0x000000000000ad18       0x58 contiki-srf06-cc26xx.a(rf-core.o)
                0x000000000000ad18                RFCCPE0IntHandler
 .text.rf_ble_is_active
                0x000000000000ad70        0xc contiki-srf06-cc26xx.a(rf-ble.o)
                0x000000000000ad70                rf_ble_is_active
 .text.stimer_expired
                0x000000000000ad7c       0x20 contiki-srf06-cc26xx.a(stimer.o)
                0x000000000000ad7c                stimer_expired
 .text.echo_reply_input
                0x000000000000ad9c       0x94 contiki-srf06-cc26xx.a(uip-icmp6.o)
 .text.echo_request_input
                0x000000000000ae30       0xc8 contiki-srf06-cc26xx.a(uip-icmp6.o)
 .text.uip_icmp6_input
                0x000000000000aef8       0x38 contiki-srf06-cc26xx.a(uip-icmp6.o)
                0x000000000000aef8                uip_icmp6_input
 .text.uip_icmp6_register_input_handler
                0x000000000000af30        0xc contiki-srf06-cc26xx.a(uip-icmp6.o)
                0x000000000000af30                uip_icmp6_register_input_handler
 .text.uip_icmp6_error_output
                0x000000000000af3c      0x144 contiki-srf06-cc26xx.a(uip-icmp6.o)
                0x000000000000af3c                uip_icmp6_error_output
 .text.uip_icmp6_send
                0x000000000000b080       0x8c contiki-srf06-cc26xx.a(uip-icmp6.o)
                0x000000000000b080                uip_icmp6_send
 .text.uip_icmp6_init
                0x000000000000b10c       0x1c contiki-srf06-cc26xx.a(uip-icmp6.o)
                0x000000000000b10c                uip_icmp6_init
 .text.update_nbr
                0x000000000000b128      0x10c contiki-srf06-cc26xx.a(rpl-nbr-policy.)
 .text.handle_periodic_timer
                0x000000000000b234       0x14 contiki-srf06-cc26xx.a(rpl-nbr-policy.)
 .text.find_removable_dis
                0x000000000000b248       0x20 contiki-srf06-cc26xx.a(rpl-nbr-policy.)
                0x000000000000b248                find_removable_dis
 .text.find_removable_dio
                0x000000000000b268       0x40 contiki-srf06-cc26xx.a(rpl-nbr-policy.)
                0x000000000000b268                find_removable_dio
 .text.find_removable_dao
                0x000000000000b2a8       0x38 contiki-srf06-cc26xx.a(rpl-nbr-policy.)
                0x000000000000b2a8                find_removable_dao
 .text.rpl_nbr_policy_find_removable
                0x000000000000b2e0       0x28 contiki-srf06-cc26xx.a(rpl-nbr-policy.)
                0x000000000000b2e0                rpl_nbr_policy_find_removable
 .text.new_dio_interval
                0x000000000000b308       0x58 contiki-srf06-cc26xx.a(rpl-timers.o)
 .text.handle_periodic_timer
                0x000000000000b360       0x4c contiki-srf06-cc26xx.a(rpl-timers.o)
 .text.set_dao_lifetime_timer
                0x000000000000b3ac       0x4c contiki-srf06-cc26xx.a(rpl-timers.o)
 .text.handle_dio_timer
                0x000000000000b3f8       0x80 contiki-srf06-cc26xx.a(rpl-timers.o)
 .text.schedule_dao
                0x000000000000b478       0x54 contiki-srf06-cc26xx.a(rpl-timers.o)
 .text.handle_dao_timer
                0x000000000000b4cc       0x58 contiki-srf06-cc26xx.a(rpl-timers.o)
 .text.rpl_reset_periodic_timer
                0x000000000000b524       0x34 contiki-srf06-cc26xx.a(rpl-timers.o)
                0x000000000000b524                rpl_reset_periodic_timer
 .text.rpl_schedule_unicast_dio_immediately
                0x000000000000b558       0x14 contiki-srf06-cc26xx.a(rpl-timers.o)
                0x000000000000b558                rpl_schedule_unicast_dio_immediately
 .text.get_probing_target
                0x000000000000b56c       0xd4 contiki-srf06-cc26xx.a(rpl-timers.o)
                0x000000000000b56c                get_probing_target
 .text.rpl_schedule_probing
                0x000000000000b640       0x20 contiki-srf06-cc26xx.a(rpl-timers.o)
                0x000000000000b640                rpl_schedule_probing
 .text.NOROM_AONBatMonTemperatureGetDegC
                0x000000000000b660       0x30 contiki-srf06-cc26xx.a(aon_batmon.o)
                0x000000000000b660                NOROM_AONBatMonTemperatureGetDegC
 .text.frame802154_get_pan_id
                0x000000000000b690        0xc contiki-srf06-cc26xx.a(frame802154.o)
                0x000000000000b690                frame802154_get_pan_id
 .text.frame802154_parse
                0x000000000000b69c      0x174 contiki-srf06-cc26xx.a(frame802154.o)
                0x000000000000b69c                frame802154_parse
 .text          0x000000000000b810       0x30 /usr/lib/gcc/arm-none-eabi/4.9.3/armv7-m/libgcc.a(_aeabi_uldivmod.o)
                0x000000000000b810                __aeabi_uldivmod
 .text          0x000000000000b840       0x60 /usr/lib/gcc/arm-none-eabi/4.9.3/armv7-m/libgcc.a(bpabi.o)
                0x000000000000b840                __gnu_ldivmod_helper
                0x000000000000b870                __gnu_uldivmod_helper
 .text          0x000000000000b8a0        0x4 /usr/lib/gcc/arm-none-eabi/4.9.3/armv7-m/libgcc.a(_dvmd_tls.o)
                0x000000000000b8a0                __aeabi_ldiv0
                0x000000000000b8a0                __aeabi_idiv0
 .text          0x000000000000b8a4      0x2ac /usr/lib/gcc/arm-none-eabi/4.9.3/armv7-m/libgcc.a(_divdi3.o)
                0x000000000000b8a4                __divdi3
 .text          0x000000000000bb50      0x270 /usr/lib/gcc/arm-none-eabi/4.9.3/armv7-m/libgcc.a(_udivdi3.o)
                0x000000000000bb50                __udivdi3
 .text.memcmp   0x000000000000bdc0       0x64 /usr/lib/gcc/arm-none-eabi/4.9.3/../../../arm-none-eabi/lib/armv7-m/libc.a(lib_a-memcmp.o)
                0x000000000000bdc0                memcmp
 .text          0x000000000000be24       0xec /usr/lib/gcc/arm-none-eabi/4.9.3/../../../arm-none-eabi/lib/armv7-m/libc.a(lib_a-memcpy.o)
                0x000000000000be24                memcpy
 .text.memmove  0x000000000000bf10       0xc8 /usr/lib/gcc/arm-none-eabi/4.9.3/../../../arm-none-eabi/lib/armv7-m/libc.a(lib_a-memmove.o)
                0x000000000000bf10                memmove
 .text.memset   0x000000000000bfd8       0x9c /usr/lib/gcc/arm-none-eabi/4.9.3/../../../arm-none-eabi/lib/armv7-m/libc.a(lib_a-memset.o)
                0x000000000000bfd8                memset
 .text.strcpy   0x000000000000c074       0xbc /usr/lib/gcc/arm-none-eabi/4.9.3/../../../arm-none-eabi/lib/armv7-m/libc.a(lib_a-strcpy.o)
                0x000000000000c074                strcpy
 .text.strlen   0x000000000000c130       0x5c /usr/lib/gcc/arm-none-eabi/4.9.3/../../../arm-none-eabi/lib/armv7-m/libc.a(lib_a-strlen.o)
                0x000000000000c130                strlen
 .text.NmiSRHandler
                0x000000000000c18c        0x2 obj_srf06-cc26xx/startup_gcc.o
                0x000000000000c18c                NmiSR
 .text.IntDefaultHandler
                0x000000000000c18e        0x2 obj_srf06-cc26xx/startup_gcc.o
                0x000000000000c18e                SSI0IntHandler
                0x000000000000c18e                SWEvent0IntHandler
                0x000000000000c18e                uDMAIntHandler
                0x000000000000c18e                WatchdogIntHandler
                0x000000000000c18e                RFCHardwareIntHandler
                0x000000000000c18e                Timer1BIntHandler
                0x000000000000c18e                I2SIntHandler
                0x000000000000c18e                Timer2BIntHandler
                0x000000000000c18e                Timer2AIntHandler
                0x000000000000c18e                Timer1AIntHandler
                0x000000000000c18e                AONIntHandler
                0x000000000000c18e                AUXSWEvent0IntHandler
                0x000000000000c18e                AUXADCIntHandler
                0x000000000000c18e                PendSVIntHandler
                0x000000000000c18e                AUXSWEvent1IntHandler
                0x000000000000c18e                SVCallIntHandler
                0x000000000000c18e                MPUFaultIntHandler
                0x000000000000c18e                SysTickIntHandler
                0x000000000000c18e                BusFaultIntHandler
                0x000000000000c18e                AONProgIntHandler
                0x000000000000c18e                AUXCompAIntHandler
                0x000000000000c18e                SSI1IntHandler
                0x000000000000c18e                FlashIntHandler
                0x000000000000c18e                uDMAErrIntHandler
                0x000000000000c18e                UsageFaultIntHandler
                0x000000000000c18e                RFCCmdAckIntHandler
                0x000000000000c18e                CryptoIntHandler
                0x000000000000c18e                Timer0AIntHandler
                0x000000000000c18e                I2CIntHandler
                0x000000000000c18e                DebugMonIntHandler
                0x000000000000c18e                Timer0BIntHandler
                0x000000000000c18e                AUXCombEventIntHandler
                0x000000000000c18e                Timer3AIntHandler
                0x000000000000c18e                DynProgIntHandler
                0x000000000000c18e                Timer3BIntHandler
 .text.publish_led_off
                0x000000000000c190        0x6 mqtt-example.co
 .text.encode_remaining_length
                0x000000000000c196       0x26 contiki-srf06-cc26xx.a(mqtt.o)
 .text.reset_packet
                0x000000000000c1bc       0x14 contiki-srf06-cc26xx.a(mqtt.o)
 .text.handle_publish
                0x000000000000c1d0       0x30 contiki-srf06-cc26xx.a(mqtt.o)
 .text.abort_connection
                0x000000000000c200       0x3e contiki-srf06-cc26xx.a(mqtt.o)
 .text.send_out_buffer
                0x000000000000c23e       0x22 contiki-srf06-cc26xx.a(mqtt.o)
 .text.write_byte
                0x000000000000c260       0x20 contiki-srf06-cc26xx.a(mqtt.o)
 .text.write_bytes
                0x000000000000c280       0x4e contiki-srf06-cc26xx.a(mqtt.o)
 .text.string_to_mqtt_string
                0x000000000000c2ce       0x18 contiki-srf06-cc26xx.a(mqtt.o)
 .text.fade     0x000000000000c2e6       0x54 contiki-srf06-cc26xx.a(contiki-main.o)
 .text.status_left
                0x000000000000c33a       0x10 contiki-srf06-cc26xx.a(button-sensor.o)
 .text.config_left
                0x000000000000c34a        0xc contiki-srf06-cc26xx.a(button-sensor.o)
 .text.config_right
                0x000000000000c356        0xc contiki-srf06-cc26xx.a(button-sensor.o)
 .text.status_right
                0x000000000000c362       0x10 contiki-srf06-cc26xx.a(button-sensor.o)
 .text.ext_flash_init
                0x000000000000c372        0xe contiki-srf06-cc26xx.a(ext-flash.o)
                0x000000000000c372                ext_flash_init
 .text.clock_update
                0x000000000000c380       0x16 contiki-srf06-cc26xx.a(clock.o)
                0x000000000000c380                clock_update
 .text.putchar  0x000000000000c396        0xe contiki-srf06-cc26xx.a(putchar.o)
                0x000000000000c396                putchar
 .text.puts     0x000000000000c3a4       0x2c contiki-srf06-cc26xx.a(putchar.o)
                0x000000000000c3a4                puts
 .text.dbg_send_bytes
                0x000000000000c3d0       0x28 contiki-srf06-cc26xx.a(putchar.o)
                0x000000000000c3d0                dbg_send_bytes
 .text.oscillators_select_lf_rcosc
                0x000000000000c3f8       0x3a contiki-srf06-cc26xx.a(oscillators.o)
                0x000000000000c3f8                oscillators_select_lf_rcosc
 .text.oscillators_request_hf_xosc
                0x000000000000c432       0x2e contiki-srf06-cc26xx.a(oscillators.o)
                0x000000000000c432                oscillators_request_hf_xosc
 .text.request  0x000000000000c460       0x10 contiki-srf06-cc26xx.a(ieee-mode.o)
 .text.soft_on  0x000000000000c470       0x16 contiki-srf06-cc26xx.a(ieee-mode.o)
 .text.transmitting
                0x000000000000c486       0x3e contiki-srf06-cc26xx.a(ieee-mode.o)
 .text.get_cca_info.part.3
                0x000000000000c4c4       0x30 contiki-srf06-cc26xx.a(ieee-mode.o)
 .text.send     0x000000000000c4f4       0x12 contiki-srf06-cc26xx.a(ieee-mode.o)
 .text.channel_clear
                0x000000000000c506       0x54 contiki-srf06-cc26xx.a(ieee-mode.o)
 .text.receiving_packet
                0x000000000000c55a       0x34 contiki-srf06-cc26xx.a(ieee-mode.o)
 .text.random_rand
                0x000000000000c58e        0xa contiki-srf06-cc26xx.a(random.o)
                0x000000000000c58e                random_rand
 .text.random_init
                0x000000000000c598        0x4 contiki-srf06-cc26xx.a(random.o)
                0x000000000000c598                random_init
 .text.write_str
                0x000000000000c59c       0x10 contiki-srf06-cc26xx.a(dbg-printf.o)
 .text.buffer_str
                0x000000000000c5ac       0x28 contiki-srf06-cc26xx.a(dbg-snprintf.o)
 .text.snprintf
                0x000000000000c5d4       0x1a contiki-srf06-cc26xx.a(dbg-snprintf.o)
                0x000000000000c5d4                snprintf
 .text.autostart_start
                0x000000000000c5ee       0x14 contiki-srf06-cc26xx.a(autostart.o)
                0x000000000000c5ee                autostart_start
 .text.energest_init
                0x000000000000c602        0x2 contiki-srf06-cc26xx.a(energest.o)
                0x000000000000c602                energest_init
 .text.etimer_set
                0x000000000000c604       0x12 contiki-srf06-cc26xx.a(etimer.o)
                0x000000000000c604                etimer_set
 .text.etimer_reset
                0x000000000000c616       0x12 contiki-srf06-cc26xx.a(etimer.o)
                0x000000000000c616                etimer_reset
 .text.etimer_restart
                0x000000000000c628       0x12 contiki-srf06-cc26xx.a(etimer.o)
                0x000000000000c628                etimer_restart
 .text.etimer_expired
                0x000000000000c63a        0xa contiki-srf06-cc26xx.a(etimer.o)
                0x000000000000c63a                etimer_expired
 .text.etimer_expiration_time
                0x000000000000c644        0x6 contiki-srf06-cc26xx.a(etimer.o)
                0x000000000000c644                etimer_expiration_time
 .text.call_process
                0x000000000000c64a        0xc contiki-srf06-cc26xx.a(process.o)
 .text.rtimer_init
                0x000000000000c656        0x4 contiki-srf06-cc26xx.a(rtimer.o)
                0x000000000000c656                rtimer_init
 .text.timer_set
                0x000000000000c65a        0xe contiki-srf06-cc26xx.a(timer.o)
                0x000000000000c65a                timer_set
 .text.timer_reset
                0x000000000000c668        0xa contiki-srf06-cc26xx.a(timer.o)
                0x000000000000c668                timer_reset
 .text.timer_restart
                0x000000000000c672        0xc contiki-srf06-cc26xx.a(timer.o)
                0x000000000000c672                timer_restart
 .text.timer_expired
                0x000000000000c67e       0x1c contiki-srf06-cc26xx.a(timer.o)
                0x000000000000c67e                timer_expired
 .text.ringbuf_init
                0x000000000000c69a        0xe contiki-srf06-cc26xx.a(ringbuf.o)
                0x000000000000c69a                ringbuf_init
 .text.ringbuf_put
                0x000000000000c6a8       0x28 contiki-srf06-cc26xx.a(ringbuf.o)
                0x000000000000c6a8                ringbuf_put
 .text.ringbuf_get
                0x000000000000c6d0       0x20 contiki-srf06-cc26xx.a(ringbuf.o)
                0x000000000000c6d0                ringbuf_get
 .text.list_init
                0x000000000000c6f0        0x6 contiki-srf06-cc26xx.a(list.o)
                0x000000000000c6f0                list_init
 .text.list_head
                0x000000000000c6f6        0x4 contiki-srf06-cc26xx.a(list.o)
                0x000000000000c6f6                list_head
 .text.list_tail
                0x000000000000c6fa       0x10 contiki-srf06-cc26xx.a(list.o)
                0x000000000000c6fa                list_tail
 .text.list_remove
                0x000000000000c70a       0x28 contiki-srf06-cc26xx.a(list.o)
                0x000000000000c70a                list_remove
 .text.list_add
                0x000000000000c732       0x1e contiki-srf06-cc26xx.a(list.o)
                0x000000000000c732                list_add
 .text.list_push
                0x000000000000c750       0x12 contiki-srf06-cc26xx.a(list.o)
                0x000000000000c750                list_push
 .text.list_length
                0x000000000000c762        0xe contiki-srf06-cc26xx.a(list.o)
                0x000000000000c762                list_length
 .text.list_item_next
                0x000000000000c770        0x6 contiki-srf06-cc26xx.a(list.o)
                0x000000000000c770                list_item_next
 .text.uip_ds6_list_loop
                0x000000000000c776       0x48 contiki-srf06-cc26xx.a(uip-ds6.o)
                0x000000000000c776                uip_ds6_list_loop
 .text.uip_ds6_maddr_rm
                0x000000000000c7be        0x8 contiki-srf06-cc26xx.a(uip-ds6.o)
                0x000000000000c7be                uip_ds6_maddr_rm
 .text.uip_ds6_set_addr_iid
                0x000000000000c7c6       0x12 contiki-srf06-cc26xx.a(uip-ds6.o)
                0x000000000000c7c6                uip_ds6_set_addr_iid
 .text.get_match_length
                0x000000000000c7d8       0x3a contiki-srf06-cc26xx.a(uip-ds6.o)
                0x000000000000c7d8                get_match_length
 .text.uip_ds6_route_next
                0x000000000000c812        0x8 contiki-srf06-cc26xx.a(uip-ds6-route.o)
                0x000000000000c812                uip_ds6_route_next
 .text.rm_routelist_callback
                0x000000000000c81a        0x4 contiki-srf06-cc26xx.a(uip-ds6-route.o)
 .text.chksum   0x000000000000c81e       0x38 contiki-srf06-cc26xx.a(uip6.o)
 .text.uip_icmp6chksum
                0x000000000000c856        0x6 contiki-srf06-cc26xx.a(uip6.o)
                0x000000000000c856                uip_icmp6chksum
 .text.uip_tcpchksum
                0x000000000000c85c        0x6 contiki-srf06-cc26xx.a(uip6.o)
                0x000000000000c85c                uip_tcpchksum
 .text.uip_udpchksum
                0x000000000000c862        0x6 contiki-srf06-cc26xx.a(uip6.o)
                0x000000000000c862                uip_udpchksum
 .text.uip_htons
                0x000000000000c868        0x6 contiki-srf06-cc26xx.a(uip6.o)
                0x000000000000c868                uip_htons
 .text.uip_htonl
                0x000000000000c86e       0x14 contiki-srf06-cc26xx.a(uip6.o)
                0x000000000000c86e                uip_htonl
 .text.uip_ds6_nbr_ipaddr_from_lladdr
                0x000000000000c882        0x4 contiki-srf06-cc26xx.a(uip-ds6-nbr.o)
                0x000000000000c882                uip_ds6_nbr_ipaddr_from_lladdr
 .text.uip_ds6_nbr_lladdr_from_ipaddr
                0x000000000000c886       0x12 contiki-srf06-cc26xx.a(uip-ds6-nbr.o)
                0x000000000000c886                uip_ds6_nbr_lladdr_from_ipaddr
 .text.uip_nd6_init
                0x000000000000c898        0x2 contiki-srf06-cc26xx.a(uip-nd6.o)
                0x000000000000c898                uip_nd6_init
 .text.call_event
                0x000000000000c89a        0xe contiki-srf06-cc26xx.a(tcp-socket.o)
 .text.relisten
                0x000000000000c8a8       0x14 contiki-srf06-cc26xx.a(tcp-socket.o)
 .text.tcp_socket_send
                0x000000000000c8bc       0x36 contiki-srf06-cc26xx.a(tcp-socket.o)
                0x000000000000c8bc                tcp_socket_send
 .text.tcp_socket_close
                0x000000000000c8f2       0x18 contiki-srf06-cc26xx.a(tcp-socket.o)
                0x000000000000c8f2                tcp_socket_close
 .text.uiplib_ip6addrconv
                0x000000000000c90a       0xb4 contiki-srf06-cc26xx.a(uiplib.o)
                0x000000000000c90a                uiplib_ip6addrconv
 .text.rpl_remove_routes
                0x000000000000c9be       0x1e contiki-srf06-cc26xx.a(rpl.o)
                0x000000000000c9be                rpl_remove_routes
 .text.rpl_remove_routes_by_nexthop
                0x000000000000c9dc       0x30 contiki-srf06-cc26xx.a(rpl.o)
                0x000000000000c9dc                rpl_remove_routes_by_nexthop
 .text.rpl_add_route
                0x000000000000ca0c       0x2e contiki-srf06-cc26xx.a(rpl.o)
                0x000000000000ca0c                rpl_add_route
 .text.get32    0x000000000000ca3a       0x18 contiki-srf06-cc26xx.a(rpl-icmp6.o)
 .text.set32    0x000000000000ca52       0x12 contiki-srf06-cc26xx.a(rpl-icmp6.o)
 .text.get16    0x000000000000ca64        0xc contiki-srf06-cc26xx.a(rpl-icmp6.o)
 .text.set16    0x000000000000ca70        0xa contiki-srf06-cc26xx.a(rpl-icmp6.o)
 .text.rpl_icmp6_update_nbr_table
                0x000000000000ca7a       0x2e contiki-srf06-cc26xx.a(rpl-icmp6.o)
                0x000000000000ca7a                rpl_icmp6_update_nbr_table
 .text.lollipop_greater_than
                0x000000000000caa8       0x34 contiki-srf06-cc26xx.a(rpl-dag.o)
 .text.check_prefix
                0x000000000000cadc       0x58 contiki-srf06-cc26xx.a(rpl-dag.o)
 .text.rpl_rank_via_parent
                0x000000000000cb34       0x1a contiki-srf06-cc26xx.a(rpl-dag.o)
                0x000000000000cb34                rpl_rank_via_parent
 .text.rpl_get_parent_ipaddr
                0x000000000000cb4e        0xe contiki-srf06-cc26xx.a(rpl-dag.o)
                0x000000000000cb4e                rpl_get_parent_ipaddr
 .text.rpl_get_parent_link_stats
                0x000000000000cb5c        0xe contiki-srf06-cc26xx.a(rpl-dag.o)
                0x000000000000cb5c                rpl_get_parent_link_stats
 .text.rpl_parent_is_fresh
                0x000000000000cb6a        0xe contiki-srf06-cc26xx.a(rpl-dag.o)
                0x000000000000cb6a                rpl_parent_is_fresh
 .text.rpl_parent_is_reachable
                0x000000000000cb78       0x36 contiki-srf06-cc26xx.a(rpl-dag.o)
                0x000000000000cb78                rpl_parent_is_reachable
 .text.rpl_set_prefix
                0x000000000000cbae       0x6c contiki-srf06-cc26xx.a(rpl-dag.o)
                0x000000000000cbae                rpl_set_prefix
 .text.rpl_set_default_route
                0x000000000000cc1a       0x30 contiki-srf06-cc26xx.a(rpl-dag.o)
                0x000000000000cc1a                rpl_set_default_route
 .text.rpl_find_parent
                0x000000000000cc4a       0x16 contiki-srf06-cc26xx.a(rpl-dag.o)
                0x000000000000cc4a                rpl_find_parent
 .text.rpl_find_parent_any_dag
                0x000000000000cc60       0x1e contiki-srf06-cc26xx.a(rpl-dag.o)
                0x000000000000cc60                rpl_find_parent_any_dag
 .text.rpl_select_parent
                0x000000000000cc7e       0x4a contiki-srf06-cc26xx.a(rpl-dag.o)
                0x000000000000cc7e                rpl_select_parent
 .text.rpl_select_dag
                0x000000000000ccc8      0x15c contiki-srf06-cc26xx.a(rpl-dag.o)
                0x000000000000ccc8                rpl_select_dag
 .text.rpl_nullify_parent
                0x000000000000ce24       0x54 contiki-srf06-cc26xx.a(rpl-dag.o)
                0x000000000000ce24                rpl_nullify_parent
 .text.nbr_callback
                0x000000000000ce78        0x4 contiki-srf06-cc26xx.a(rpl-dag.o)
 .text.rpl_free_dag
                0x000000000000ce7c       0x3a contiki-srf06-cc26xx.a(rpl-dag.o)
                0x000000000000ce7c                rpl_free_dag
 .text.rpl_move_parent
                0x000000000000ceb6       0x54 contiki-srf06-cc26xx.a(rpl-dag.o)
                0x000000000000ceb6                rpl_move_parent
 .text.rpl_repair_root
                0x000000000000cf0a       0x48 contiki-srf06-cc26xx.a(rpl-dag.o)
                0x000000000000cf0a                rpl_repair_root
 .text.rpl_alloc_dag
                0x000000000000cf52       0x48 contiki-srf06-cc26xx.a(rpl-dag.o)
                0x000000000000cf52                rpl_alloc_dag
 .text.rpl_process_parent_event
                0x000000000000cf9a       0x96 contiki-srf06-cc26xx.a(rpl-dag.o)
                0x000000000000cf9a                rpl_process_parent_event
 .text.rpl_add_dag
                0x000000000000d030      0x112 contiki-srf06-cc26xx.a(rpl-dag.o)
                0x000000000000d030                rpl_add_dag
 .text.rpl_process_dio
                0x000000000000d142      0x2e6 contiki-srf06-cc26xx.a(rpl-dag.o)
                0x000000000000d142                rpl_process_dio
 .text.NOROM_DDI32RegWrite
                0x000000000000d428        0x8 contiki-srf06-cc26xx.a(ddi.o)
                0x000000000000d428                NOROM_DDI32RegWrite
 .text.NOROM_DDI16BitfieldWrite
                0x000000000000d430       0x2e contiki-srf06-cc26xx.a(ddi.o)
                0x000000000000d430                NOROM_DDI16BitfieldWrite
 .text.NOROM_ThisCodeIsBuiltForCC26xxHwRev22AndLater_HaltIfViolated
                0x000000000000d45e       0x14 contiki-srf06-cc26xx.a(chipinfo.o)
                0x000000000000d45e                NOROM_ThisCodeIsBuiltForCC26xxHwRev22AndLater_HaltIfViolated
 .text.NOROM_CPUcpsid
                0x000000000000d472        0x8 contiki-srf06-cc26xx.a(cpu.o)
                0x000000000000d472                NOROM_CPUcpsid
 .text.NOROM_CPUcpsie
                0x000000000000d47a        0x8 contiki-srf06-cc26xx.a(cpu.o)
                0x000000000000d47a                NOROM_CPUcpsie
 .text.queuebuf_update_attr_from_packetbuf
                0x000000000000d482        0xc contiki-srf06-cc26xx.a(queuebuf.o)
                0x000000000000d482                queuebuf_update_attr_from_packetbuf
 .text.queuebuf_attr
                0x000000000000d48e        0xc contiki-srf06-cc26xx.a(queuebuf.o)
                0x000000000000d48e                queuebuf_attr
 .text.item_from_key
                0x000000000000d49a       0x22 contiki-srf06-cc26xx.a(nbr-table.o)
 .text.nbr_set_bit
                0x000000000000d4bc       0x38 contiki-srf06-cc26xx.a(nbr-table.o)
 .text.nbr_table_next
                0x000000000000d4f4       0x3e contiki-srf06-cc26xx.a(nbr-table.o)
                0x000000000000d4f4                nbr_table_next
 .text.nbr_table_get_from_lladdr
                0x000000000000d532       0x32 contiki-srf06-cc26xx.a(nbr-table.o)
                0x000000000000d532                nbr_table_get_from_lladdr
 .text.nbr_table_get_lladdr
                0x000000000000d564       0x20 contiki-srf06-cc26xx.a(nbr-table.o)
                0x000000000000d564                nbr_table_get_lladdr
 .text.linkaddr_copy
                0x000000000000d584        0xa contiki-srf06-cc26xx.a(linkaddr.o)
                0x000000000000d584                linkaddr_copy
 .text.linkaddr_cmp
                0x000000000000d58e       0x10 contiki-srf06-cc26xx.a(linkaddr.o)
                0x000000000000d58e                linkaddr_cmp
 .text.link_stats_is_fresh
                0x000000000000d59e       0x24 contiki-srf06-cc26xx.a(link-stats.o)
                0x000000000000d59e                link_stats_is_fresh
 .text.packet_sent
                0x000000000000d5c2       0xca contiki-srf06-cc26xx.a(csma.o)
 .text.mac_call_sent_callback
                0x000000000000d68c       0x16 contiki-srf06-cc26xx.a(mac.o)
                0x000000000000d68c                mac_call_sent_callback
 .text.parse    0x000000000000d6a2       0x94 contiki-srf06-cc26xx.a(framer-802154.o)
 .text.create   0x000000000000d736        0x6 contiki-srf06-cc26xx.a(framer-802154.o)
 .text.hdr_length
                0x000000000000d73c        0x6 contiki-srf06-cc26xx.a(framer-802154.o)
 .text.channel_check_interval
                0x000000000000d742        0x4 contiki-srf06-cc26xx.a(nullrdc.o)
 .text.init     0x000000000000d746        0x4 contiki-srf06-cc26xx.a(nullrdc.o)
 .text.send_list
                0x000000000000d74a       0x20 contiki-srf06-cc26xx.a(nullrdc.o)
 .text.send_packet
                0x000000000000d76a        0x4 contiki-srf06-cc26xx.a(nullrdc.o)
 .text.init     0x000000000000d76e        0x2 contiki-srf06-cc26xx.a(nullsec.o)
 .text.rtimer_arch_init
                0x000000000000d770        0x2 contiki-srf06-cc26xx.a(rtimer-arch.o)
                0x000000000000d770                rtimer_arch_init
 .text.rtimer_arch_schedule
                0x000000000000d772        0x8 contiki-srf06-cc26xx.a(rtimer-arch.o)
                0x000000000000d772                rtimer_arch_schedule
 .text.rtimer_arch_now
                0x000000000000d77a        0x4 contiki-srf06-cc26xx.a(rtimer-arch.o)
                0x000000000000d77a                rtimer_arch_now
 .text.IntMasterEnable
                0x000000000000d77e        0xe contiki-srf06-cc26xx.a(rf-core.o)
 .text.rf_core_init_radio_op
                0x000000000000d78c       0x1e contiki-srf06-cc26xx.a(rf-core.o)
                0x000000000000d78c                rf_core_init_radio_op
 .text.rf_core_boot
                0x000000000000d7aa       0x1c contiki-srf06-cc26xx.a(rf-core.o)
                0x000000000000d7aa                rf_core_boot
 .text.rf_core_restart_rat
                0x000000000000d7c6       0x1a contiki-srf06-cc26xx.a(rf-core.o)
                0x000000000000d7c6                rf_core_restart_rat
 .text.stimer_set
                0x000000000000d7e0        0xe contiki-srf06-cc26xx.a(stimer.o)
                0x000000000000d7e0                stimer_set
 .text.memb_init
                0x000000000000d7ee       0x20 contiki-srf06-cc26xx.a(memb.o)
                0x000000000000d7ee                memb_init
 .text.memb_alloc
                0x000000000000d80e       0x28 contiki-srf06-cc26xx.a(memb.o)
                0x000000000000d80e                memb_alloc
 .text.memb_free
                0x000000000000d836       0x2c contiki-srf06-cc26xx.a(memb.o)
                0x000000000000d836                memb_free
 .text.memb_inmemb
                0x000000000000d862       0x1c contiki-srf06-cc26xx.a(memb.o)
                0x000000000000d862                memb_inmemb
 .text.memb_numfree
                0x000000000000d87e       0x1c contiki-srf06-cc26xx.a(memb.o)
                0x000000000000d87e                memb_numfree
 .text.handle_unicast_dio_timer
                0x000000000000d89a       0x1c contiki-srf06-cc26xx.a(rpl-timers.o)
 .text.rpl_reset_dio_timer
                0x000000000000d8b6       0x1c contiki-srf06-cc26xx.a(rpl-timers.o)
                0x000000000000d8b6                rpl_reset_dio_timer
 .text.rpl_schedule_dao
                0x000000000000d8d2        0x8 contiki-srf06-cc26xx.a(rpl-timers.o)
                0x000000000000d8d2                rpl_schedule_dao
 .text.get_probing_delay
                0x000000000000d8da       0x3a contiki-srf06-cc26xx.a(rpl-timers.o)
                0x000000000000d8da                get_probing_delay
 .text.handle_probing_timer
                0x000000000000d914       0x32 contiki-srf06-cc26xx.a(rpl-timers.o)
 .text.reset    0x000000000000d946        0x2 contiki-srf06-cc26xx.a(rpl-mrhof.o)
 .text.update_metric_container
                0x000000000000d948        0x6 contiki-srf06-cc26xx.a(rpl-mrhof.o)
 .text.parent_link_metric
                0x000000000000d94e       0x12 contiki-srf06-cc26xx.a(rpl-mrhof.o)
 .text.parent_has_usable_link
                0x000000000000d960       0x12 contiki-srf06-cc26xx.a(rpl-mrhof.o)
 .text.best_dag
                0x000000000000d972       0x2c contiki-srf06-cc26xx.a(rpl-mrhof.o)
 .text.parent_path_cost
                0x000000000000d99e       0x34 contiki-srf06-cc26xx.a(rpl-mrhof.o)
 .text.parent_is_acceptable
                0x000000000000d9d2       0x26 contiki-srf06-cc26xx.a(rpl-mrhof.o)
 .text.rank_via_parent
                0x000000000000d9f8       0x34 contiki-srf06-cc26xx.a(rpl-mrhof.o)
 .text.best_parent
                0x000000000000da2c       0x68 contiki-srf06-cc26xx.a(rpl-mrhof.o)
 .text.frame802154_has_panid
                0x000000000000da94       0x62 contiki-srf06-cc26xx.a(frame802154.o)
                0x000000000000da94                frame802154_has_panid
 .text.field_len
                0x000000000000daf6       0x84 contiki-srf06-cc26xx.a(frame802154.o)
 .text.frame802154_is_broadcast_addr
                0x000000000000db7a       0x1e contiki-srf06-cc26xx.a(frame802154.o)
                0x000000000000db7a                frame802154_is_broadcast_addr
 .text.frame802154_hdrlen
                0x000000000000db98       0x32 contiki-srf06-cc26xx.a(frame802154.o)
                0x000000000000db98                frame802154_hdrlen
 .text.frame802154_create
                0x000000000000dbca       0xe6 contiki-srf06-cc26xx.a(frame802154.o)
                0x000000000000dbca                frame802154_create
 *(SORT(.rodata*))
 .rodata.autostart_processes
                0x000000000000dcb0        0x8 mqtt-example.co
                0x000000000000dcb0                autostart_processes
 .rodata        0x000000000000dcb8       0x40 contiki-srf06-cc26xx.a(board.o)
 .rodata.button_left_sensor
                0x000000000000dcf8       0x10 contiki-srf06-cc26xx.a(button-sensor.o)
                0x000000000000dcf8                button_left_sensor
 .rodata.button_right_sensor
                0x000000000000dd08       0x10 contiki-srf06-cc26xx.a(button-sensor.o)
                0x000000000000dd08                button_right_sensor
 .rodata.output_power
                0x000000000000dd18       0x68 contiki-srf06-cc26xx.a(ieee-mode.o)
 .rodata.mode_ieee
                0x000000000000dd80        0x8 contiki-srf06-cc26xx.a(ieee-mode.o)
 .rodata.ieee_mode_driver
                0x000000000000dd88       0x38 contiki-srf06-cc26xx.a(ieee-mode.o)
                0x000000000000dd88                ieee_mode_driver
 .rodata.sicslowpan_driver
                0x000000000000ddc0        0xc contiki-srf06-cc26xx.a(sicslowpan.o)
                0x000000000000ddc0                sicslowpan_driver
 .rodata.csma_driver
                0x000000000000ddcc       0x1c contiki-srf06-cc26xx.a(csma.o)
                0x000000000000ddcc                csma_driver
 .rodata.framer_802154
                0x000000000000dde8        0xc contiki-srf06-cc26xx.a(framer-802154.o)
                0x000000000000dde8                framer_802154
 .rodata.nullrdc_driver
                0x000000000000ddf4       0x20 contiki-srf06-cc26xx.a(nullrdc.o)
                0x000000000000ddf4                nullrdc_driver
 .rodata.nullsec_driver
                0x000000000000de14       0x10 contiki-srf06-cc26xx.a(nullsec.o)
                0x000000000000de14                nullsec_driver
 .rodata.str1.1
                0x000000000000de24      0x2fa mqtt-example.co
                                        0x2fd (size before relaxing)
 .rodata.str1.1
                0x000000000000e11e       0x14 contiki-srf06-cc26xx.a(mqtt.o)
 .rodata.str1.1
                0x000000000000e132       0xdf contiki-srf06-cc26xx.a(contiki-main.o)
                                         0xe2 (size before relaxing)
 .rodata.str1.1
                0x000000000000e211        0x8 contiki-srf06-cc26xx.a(sensors.o)
 .rodata.str1.1
                0x000000000000e219        0x7 contiki-srf06-cc26xx.a(button-sensor.o)
 .rodata        0x000000000000e220        0x4 contiki-srf06-cc26xx.a(ext-flash.o)
 .rodata.str1.1
                0x000000000000e224       0x1b contiki-srf06-cc26xx.a(soc-trng.o)
 .rodata.str1.1
                0x000000000000e23f       0x35 contiki-srf06-cc26xx.a(strformat.o)
                                         0x37 (size before relaxing)
 .rodata.buffer.4019
                0x000000000000e274       0x10 contiki-srf06-cc26xx.a(strformat.o)
 .rodata.buffer.4028
                0x000000000000e284       0x10 contiki-srf06-cc26xx.a(strformat.o)
 .rodata.str1.1
                0x000000000000e294        0xf contiki-srf06-cc26xx.a(ctimer.o)
 .rodata.str1.1
                0x000000000000e2a3        0xc contiki-srf06-cc26xx.a(etimer.o)
 .rodata.str1.1
                0x000000000000e2af        0xe contiki-srf06-cc26xx.a(serial-line.o)
 .rodata        0x000000000000e2bd        0x2 contiki-srf06-cc26xx.a(sicslowpan.o)
 .rodata.ttl_values
                0x000000000000e2bf        0x4 contiki-srf06-cc26xx.a(sicslowpan.o)
 .rodata.unc_llconf
                0x000000000000e2c3        0x4 contiki-srf06-cc26xx.a(sicslowpan.o)
                0x000000000000e2c3                unc_llconf
 .rodata.llprefix
                0x000000000000e2c7        0x2 contiki-srf06-cc26xx.a(sicslowpan.o)
                0x000000000000e2c7                llprefix
 .rodata.unc_mxconf
                0x000000000000e2c9        0x4 contiki-srf06-cc26xx.a(sicslowpan.o)
                0x000000000000e2c9                unc_mxconf
 .rodata.str1.1
                0x000000000000e2cd        0xb contiki-srf06-cc26xx.a(sicslowpan.o)
 .rodata.unc_ctxconf
                0x000000000000e2d8        0x4 contiki-srf06-cc26xx.a(sicslowpan.o)
                0x000000000000e2d8                unc_ctxconf
 .rodata.str1.1
                0x000000000000e2dc       0x22 contiki-srf06-cc26xx.a(uip-debug.o)
                                         0x28 (size before relaxing)
 .rodata.str1.1
                0x000000000000e2fe       0x99 contiki-srf06-cc26xx.a(tcp-socket.o)
 .rodata.str1.1
                0x000000000000e397        0xd contiki-srf06-cc26xx.a(tcpip.o)
 .rodata.linkaddr_null
                0x000000000000e3a4        0x8 contiki-srf06-cc26xx.a(linkaddr.o)
                0x000000000000e3a4                linkaddr_null
 .rodata.str1.1
                0x000000000000e3ac        0x5 contiki-srf06-cc26xx.a(csma.o)